[    0.0000] Initiallizing cgroup subsys cpuset
[    .000000] Initializing cgroup subsys cpu
[    0.000000] Initializing cgroup subsys cpuacct
[    0.000000] Linux version 4.4.0-137-generic (buildd@lgw01-amd64-037) (gcc version 5.4.0 20160609 (Ubuntu 5.4.0-6ubuntu1~16.04.10) ) #163-Ubuntu SMP Mon Sep 24 13:14:43 UTC 2018 (Ubuntu 4.4.0-137.163-generic 4.4.144)
[    0.000000] Command line: BOOT_IMAGE=/boot/vmlinuz-4.4.0-137-generic root=LABEL=cloudimg-rootfs ro console=tty1 console=ttyS0
[    0.000000] KERNEL supported cpus:
[    0.000000]   Intel GenuineIntel
[    0.000000]   AMD AuthenticAMD
[    0.000000]   Centaur CentaurHauls
[    0.000000] x86/fpu: xstate_offset[2]:  576, xstate_sizes[2]:  256
[    0.000000] x86/fpu: Supporting XSAVE feature x01: 'x87 floating point registers'
    0.000000] x86/fpu: Supporting XSAVE feaure 0x02: 'SSE registers'
[    .000000] x86/fpu: Supporting XSAVE feature 0x04: 'AVX registers'
[    0.000000] x86/fpu: Enabled xstate features 0x7, context size is 832 bytes usig 'standard' format.
[    0.00000] e820: BIOS-provided physical RAM map:
[    0.000000] BIOS-e820: [mem 0x0000000000000000-0x000000000009fbff] usable
[    0.000000] BIOS-e820: [mem 0x0000000009fc00-0x000000000009ffff] reserved
    0.000000] BIOS-e820: [mem 0x00000000000f0000-0x000000000fffff] reservd
[    0.000000] BIOSe820: em 0x0000000000100000-0x000000003ffeffff usable
[    0.000000] BIOS-e820: [mem 0x000000003fff0000-0x000000003fffffff] ACPI data
[    0000000] BIOS-e820: [mem 0x00000000fec00000-0x0000000fec00fff] reserved
[    0.000000] BIOS-e820: [mem 0x00000000fee00000-0x00000000fee00fff] reserved
[    0.000000] BIOS-e820:[mem 0x0000000fffc0000-0x0000000ffffffff] reserved
[    0.000000] NX (Execute Disable) protection: active
[    0.000000] SMBIOS 2.5 present.
[    0.000000] Hypvisor deected: KVM
[    .000000] e820: last_fn = 0x3fff0 max_arch_pfn = 0x400000000
[    0.000000]MTRR: Disabled
[    0.00000] x86/PAT: MTRs disabled, skipping PAT initialization too.
[    0.000000] CPU MTRRs all blank - virtualized system.
[    0.000000] x86/PAT: Configuration [0-7]: WB  WT  UC- UC  WB  WT  UC- UC  
[    0.000000] ound SMP MP-tle at [mem 0x0009fff0-0x0009ffff] mapped at [ffff88000009fff0]
[    0.000000] Scanning 1 areas for low memory corruption
[    0.000000] RAMDISK: [mem 0x3630e000-0x3717efff]
[    0.000000] ACPI: Early table checksum verification disabled
[    0.000000] ACPI RSDP 0x00000000000E0000 000024 (v02 VBOX  )
[    0.000000] ACPI: XSDT 0x000000003FFF0030 00003C (v01 VBOX   VBOXXSDT 00000001 ASL  00000061)
[    0.000000] ACPI: FACP 0x000000003FFF0F0 0000F4 (v04 VBOX   VBOXFACP 00000001 ASL  00000061)
[    .000000]ACPI: DSDT 0x000000003FFF0470 0021FF (v02 VBOX   VBOXBIOS 00000002 INTL 20100528)
[    0.000000] ACPI:FAACS 0x000000003FFF0200 000040
[    0.000000] ACPI: FACS 0x000000003FFF0200 000040
[    0.00000] ACPI: APIC 0x000000003FFF0240 00005C (v02 VBOX   VBOXAPIC 00000001 ASL  00000061)
[    0.00000] ACPI: SSDT 0x000000003FFF02A0 0001CC (v01 VBOX   VBOXCPUT 00000002 INTL 20100528)
[    0.000000] No NUMA cnfiguation found
[    .000000] Faking a node at [mem 0x0000000000000000-0x000000003ffeffff]
[    0.000000] NODE_DATA(0) allcate [mem 0x3ffeb000-0x3ffeffff]
[    0.000000] kvm-cock: Using msrs 4b564d01 and 4b564d00
[    0.000000] kvm-clock: cpu 0, msr 0:3ffe3001, primary cpu clock
[    0.000000] vm-cock:using sched offset of 5085618883 cycles
[    0.000000] clocksource: kvm-clock: mask: 0xffffffffffffffff max_cycles: 0x1d42e4dffb, max_idle_ns: 881590591483 ns
    .000000] Zone ranges:
[    0.000000]   DMA      [mem 0x0000000000001000-0x0000000000ffffff]
[    0.000000]   DMA32    [mem 0x0000000001000000-0x000000003ffeffff]
[    0.000000]   Normal   empty
[    0.000000]   Device   empty
[    000000] Mvable zone start for each node
[    0.000000] Early memory node ranges
[    0.000000]   node   0: [mem 0x0000000000001000-0x00000000009eff]
[    0.000000]   node   0: [mem 0x000000000000000-0x000000003ffeffff]
[   0.00000] Initmem setup node 0 [mem 0x0000000000001000-0x00000003ffeffff]
[    .00000] ACPI: PM-Timer IO Port: 0x4008
[    0.000000] IOAPIC[0]: apic_id 2, version 32, address 0xfec00000, GSI 0-23
[    0.000000] ACPI: IT_SRC_OV (bu 0 bus_irq 0 global_irq 2 dfl dfl)
[    0.000000] ACPI: INT_SRC_OVR (bus 0 bus_irq 9 globa_irq9 low level)
[    0000000] Using ACPI (MADT) for SMP configuration information
[    0.000000] smpboot: Allowing 2 CPUs, 0 hotplug CPUs
[    0.000000] PM: Registered nosave memory: [mem 0x00000000-0x0000fff]
[   0.000000]PM: Regstered nosave memory: [mem 0x009f000-0x0009ffff]
[    0.000000] PM: Registeed nosave memory: [mem 0x000a0000-0x000effff][    0.000000] PM: Registered nosave memory: [mem 0x000f0000-0x000fffff]
[    0.000000] e820: [mem 0x40000000-0xfebfffff] avilable for PC devces
[    0.000000] Booting paravirtualized kernel on KVM
[    0.000000] clocksource refined-jiffies: mask: 0xffffffff max_cycles: 0xffffffff, max_idle_ns: 7645519600211568 ns
[    0.00000] etup_percpu: NR_CPUS:512 nr_cpumask_bits:512 nr_cpu_ids:2 nr_node_ids:1
[   0.00000] PERCPU: Emedded 34 pags/cpu @ffff8803fc00000 s99608 r8192 d31464 u1048576
[    0.000000] PV qspinlock hash table entries: 256 (order: 0, 4096 bytes)
[    0.000000] Built 1 zonlists in Node order, mobility grouping on.  Total pages: 257912
[    0.000000] Policy zone: DMA32
[    0.000000] Kernel command line: BOOT_IMAGE=/boot/vmlinuz-4.4.0-137-generic root=LABEL=cloudimg-rootfs ro console=tty1 console=ttyS0
[    0.000000] PID hash table entries: 4096 (order: 3, 32768 bytes)
[    0.00000] Memory: 997716K/1048120K available (855K knel code, 1314K rwdata, 4004K rodata, 1528K init, 1316K bss, 50404K reserved, 0K cma-resered)
[    0.000000] SLUB: HWalign=64, Order=0-3, MinObjects=0, CPUs=2, Nodes=1
[    0.000000] Kernel/User page tables isolation: enabled
[    0.00000 Hierarchcal RCU implementation.
[    0.000000] 	Build-time adjustment of leaf fanot to 64.
[    .000000] 	RCU restricting CPUs from NR_CPUS=512 to nr_cpu_ids=2.
[    0.000000] RCU: Adjusting geometry fo rcu_fanout_leaf=64, nr_cpu_ids=2
[    0.000000] NR_IRS:33024 nr_irqs:440 16
[    0.000000] onsole: colour VGA+ 80x25
[    .000000] console [tty1] enabled
[    0.000000] console [ttyS0] enabled
[    0.000000] tsc: Detected 1799.999 MHz processor
[    2.210728] Calibrating delay loop (skipped) preset value.. 3599.99 BogoMIPS (lpj=7199996)
[    2.214236] pid_max: default: 32768 minimum: 301
[    2.216100] ACPI: Core revision 20150930
[    2.218780] ACPI: 2 ACPI AML tables successfully acquired and loaded
[    2.221541] Security Framework initialized
[    2.223192] Yama: becoming mindful.
[    2.224667] AppArmor: AppArmor initialized
[    2.226713] Dentry cache hash table entries: 131072 (order: 8, 1048576 bytes)
[    2.232811] Inode-cache hash table entries: 65536 (order: 7, 524288 bytes)
[    2.235680] Mount-cache hash table entries: 2048 (order: 2, 16384 bytes)
[    2.238441] Mountpoint-cache hash table entries: 2048 (order: 2, 16384 bytes)
[    2.24136] Initiaalizing cgroup subsys io
[    2.258769] Initializing cgroup subsys memory
[    2.260799] Initializing cgroup subsys devices
[    2.262661] Initializing cgroup subsys freezer
[    2.264459] Initializing cgroup subsys net_cls
[    2.266612] Initializing cgroup subsys perf_event
[    2.268671] Initializing cgroup subsys net_prio
[    2.270568] Initializing cgroup subsys hugetlb
[    2.272347] Initializing cgroup subsys pids
[    2.275216] mce: CPU supports 0 MCE banks
[    2.277108] Last level iTLB entries: 4KB 64, 2MB 8, 4MB 8
[    2.279329] Last level dTLB entries: 4KB 64, 2MB 0, 4MB 0, 1GB 4
[    2.281781] Spectre V2 : Mitigation: Full generic retpoline
[    2.284249] Spectre V2 : Spectre v2 mitigation: Speculation control IBPB not-supported IBRS not-supported
[    2.287889] Spectre V2 : Spectre v2 / SpectreRSB mitigation: Filling RSB on context switch
[    2.291693] Speculative Store Bypass: Vulnerable
[    2.301796] Freeing SMP alternatives memory: 32K
[    2.313229] ftrace: allocating 32265 entries in 127 pages
[    2.378559] smpboot: APIC(0) Converting physical 0 to logical package 0
[    2.381274] smpboot: Max logical packages: 1
[    2.383869] x2apic enabled
[    2.385358] Switched APIC routing to physical x2apic.
[    2.388731] ..TIMER: vector=0x30 apic1=0 pin1=2 apic2=-1 pin2=-1
[    2.497570] smpboot: CPU0: Intel(R) Core(TM) i5-5350U CPU @ 1.80GHz (family: 0x6, model: 0x3d, stepping: 0x4)
[    2.507858] Performance Events: unsupported p6 CPU model 61 no PMU driver, software events only.
[    2.523039] KVM setup paravirtual spinlock
[    2.525562] x86: Booting SMP configuration:
[    2.531385] .... node  #0, CPUs:      #1
[    2.533228] kvm-clock: cpu 1, msr 0:3ffe3041, secondary cpu clock
[    2.536142] mce: CPU supports 0 MCE banks
[    2.539482] x86: Booted up 1 node, 2 CPUs
[    2.541389] smpboot: Total of 2 processors activated (7199.99 BogoMIPS)
[    2.551462] devtmpfs: initialized
[    2.554352] evm: security.selinux
[    2.555777] evm: security.SMACK64
[    2.558461] evm: security.SMACK64EXEC
[    2.565535] evm: security.SMACK64TRANSMUTE
[    2.567310] evm: security.SMACK64MMAP
[    2.574574] evm: security.ima
[    2.576008] evm: security.capability
[    2.583438] clocksource: jiffies: mask: 0xffffffff max_cycles: 0xffffffff, max_idle_ns: 7645041785100000 ns
[    2.587393] futex hash table entries: 512 (order: 3, 32768 bytes)
[    2.614918] pinctrl core: initialized pinctrl subsystem
[    2.621735] RTC time: 13:05:15, date: 11/19/18
[    2.624248] NET: Registered protocol family 16
[    2.638612] cpuidle: using governor ladder
[    2.655130] cpuidle: using governor menu
[    2.660615] PCCT header not found.
[    2.662543] ACPI: bus type PCI registered
[    2.665843] acpiphp: ACPI Hot Plug PCI Controller Driver version: 0.5
[    2.672131] PCI: Using configuration type 1 for base access
[    2.688369] ACPI: Added _OSI(Module Device)
[    2.697244] ACPI: Added _OSI(Processor Device)
[    2.699503] ACPI: Added _OSI(3.0 _SCP Extensions)
[    2.705086] ACPI: Added _OSI(Processor Aggregator Device)
[    2.714341] ACPI: Executed 1 blocks of module-level executable AML code
[    2.723952] ACPI: Interpreter enabled
[    2.731264] ACPI: (supports S0 S5)
[    2.732655] ACPI: Using IOAPIC for interrupt routing
[    2.737976] PCI: Using host bridge windows from ACPI; if necessary, use "pci=nocrs" and report a bug
[    2.754448] ACPI: PCI Root Bridge [PCI0] (domain 0000 [bus 00-ff])
[    2.767072] acpi PNP0A03:00: _OSC: OS supports [ASPM ClockPM Segments MSI]
[    2.772448] acpi PNP0A03:00: _OSC: not requesting OS control; OS requires [ExtendedConfig ASPM ClockPM MSI]
[    2.784296] acpi PNP0A03:00: fail to add MMCONFIG information, can't access extended PCI configuration space under this bridge.
[    2.791720] PCI host bridge to bus 0000:00
[    2.793448] pci_bus 0000:00: root bus resource [io  0x0000-0x0cf7 window]
[    2.801789] pci_bus 0000:00: root bus resource [io  0x0d00-0xffff window]
[    2.820363] pci_bus 0000:00: root bus resource [mem 0x000a0000-0x000bffff window]
[    2.823590] pci_bus 0000:00: root bus resource [mem 0x40000000-0xfdffffff window]
[    2.833530] pci_bus 0000:00: root bus resource [bus 00-ff]
[    2.843220] pci 0000:00:01.1: legacy IDE quirk: reg 0x10: [io  0x01f0-0x01f7]
[    2.870575] pci 0000:00:01.1: legacy IDE quirk: reg 0x14: [io  0x03f6]
[    2.885817] pci 0000:00:01.1: legacy IDE quirk: reg 0x18: [io  0x0170-0x0177]
[    2.917347] pci 0000:00:01.1: legacy IDE quirk: reg 0x1c: [io  0x0376]
[    2.956748] pci 0000:00:07.0: quirk: [io  0x4000-0x403f] claimed by PIIX4 ACPI
[    2.976346] pci 0000:00:07.0: quirk: [io  0x4100-0x410f] claimed by PIIX4 SMB
[    2.997656] ACPI: PCI Interrupt Link [LNKA] (IRQs 5 9 10 *11)
[    3.023881] ACPI: PCI Interrupt Link [LNKB] (IRQs 5 9 *10 11)
[    3.041045] ACPI: PCI Interrupt Link [LNKC] (IRQs 5 *9 10 11)
[    3.051519] ACPI: PCI Interrupt Link [LNKD] (IRQs 5 9 10 *11)
[    3.063095] ACPI: Enabled 2 GPEs in block 00 to 07
[    3.074933] vgaarb: setting as boot device: PCI:0000:00:02.0
[    3.082922] vgaarb: device added: PCI:0000:00:02.0,decodes=io+mem,owns=io+mem,locks=none
[    3.095850] vgaarb: loaded
[    3.100822] vgaarb: bridge control possible 0000:00:02.0
[    3.111317] SCSI subsystem initialized
[    3.118745] ACPI: bus type USB registered
[    3.122053] usbcore: registered new interface driver usbfs
[    3.134045] usbcore: registered new interface driver hub
[    3.140293] usbcore: registered new device driver usb
[    3.146852] PCI: Using ACPI for IRQ routing
[    3.154803] NetLabel: Initializing
[    3.159108] NetLabel:  domain hash size = 128
[    3.162306] NetLabel:  protocols = UNLABELED CIPSOv4
[    3.164372] NetLabel:  unlabeled traffic allowed by default
[    3.173794] amd_nb: Cannot enumerate AMD northbridges
[    3.191029] clocksource: Switched to clocksource kvm-clock
[    3.21097] ppAror: AppAror Flesystem Enabled
[    3.336842] pnp: PnP ACPI init
[    3.39892] pnp: PnP ACPI: found 3 devices

[   3.379657]clocsource: acpi_pm: mask: 0xffffff max_cycles: 0xffffff, max_idle_ns: 2085701024 ns
[    3.57492] NET: Registered protocol family 2

[    3.483591] TCP established hash table entries 8192 (order: 4, 65536 bytes)

[    3.516122] TCP bind hash table entries: 8192 (order: 5, 131072 bytes)
[    3.518766] TCP: Hash bls nfigured(establshed 812 bind 8192)
[    3.730669] UD hash tble entries: 512 (order: 2, 16384 bytes)
[    3.782211] UDP-Lite hashtable enries: 2 (order: 2, 16384 bytes)
[   3.90652] NET: Registered protocol famiy 1
[   381513] ci 0000:00:00.0: Limiting direct CI/PCI transfer
[    4.160138] pci 0000:00:01.0: Activating ISA DMA hang workarounds
[    4.164118] Unpacking initramfs...

[    4.484112] Freeing initrd memory: 14788K
[    4.508439] RAPL PMU detected, API unit is 2^-32 Joules, 4 fixed counters 10737418240 ms ovfl timer
[    4.513639] hw unit of domain pp0-core 2^-0 Joules
[    4.516158] hw unit of domain package 2^-0 Joules
[    4.526993] hw unit of domain dram 2^-0 Joules
[    4.532993] hw unit of domain pp1-gpu 2^-0 Joules
[    4.539679] platform rtc_cmos: registered platform RTC device (no PNP device found)
[    4.561329] Scanning for low memory corrption eery 60 seconds

[    4.624376] audit: initializing netlink subsys (disabled)
[    4.632610] audit: type=2000 audit(1542632721.859:1): initialized
[    4.652220] Initialise system trusted keyring
[    4.657809] HugeTLB registered 2 MB page size, pre-allocated 0 pages
[    4.683085] zbud: loaded
[    4.689732] VFS: Disk quotas dquot_.6.0
[   4.718825] VFS: Dquot-cahe hsh tble ntries: 512 (order 0, 4096bytes)
[    4.905926] squashfs: version 4.0 (2009/0/31)Phillip Lougher

[   4.959183] fuse init (API version 7.23)

[   4.985876] Key type big_key registered
[    5012121 Allocating IMA MOK and blacklist keyrings.

[    5.067624] Key type asymmetric registered
[    5.072390] Asymmetric key parser 'x509' registered
[    5.088281] Block layer SCSI generic (bsg) driver version 0.4 loaded (major 249)
[    5.116845] io scheduler noop registered
[    5.118762] io scheduler deadline registered (default)
[    5.12237] io scheduler cfq registered
[    .14984] pci_hotplug: PCI Hot Plug PCICore vesion: 0.5
[    5.249586] pciehp: PCI Express Hot Plug Controller Driver version: 0.4
[    .25293] ACPI: AC Adapter [AC] (on-line)

[    5.305047] input: Power Button as /devices/LNXSYSTM:00/LNXPWRBN:/input/iput0
[   5.20549]ACPI: Power Btton[PWRF]

[    5.545873] tsc: Refied TSC clocksource clibration:1800228 MHz

[    5.655334]clocksurce tsc mask: 0xffffffffffffffff max_cycles: x19f300fc846, max_idle_ns: 440795245216 ns

[    5.655547] input: Sleep Button as /devices/LNXSYSTM:00/LNXSLPBN:00/input/input1
[    5.655551] ACPI: Sleep Button [SLPF]
[    5.792748] GHES: HEST is not enabled!
[    5.794196] ACPI: Battery Slot [BAT0] (battery present)
[    5.794256] Serial: 8250/16550 driver, 32 ports, IRQ sharing enabled
[    5.819296] 00:02: ttyS0 at I/O 0x3f8 (irq = 4, base_baud = 115200) is a 16550A
[    5.821822] Linux agpgart interface v0.103
[    5.830807] loop: module loaded
[    5.831414] scsi host0: ata_piix
[    5.831473] scsi host1: ata_piix
[    5.831504] ata1: PATA max UDMA/33 cmd 0x1f0 ctl 0x3f6 bmdma 0xd000 irq 14
[    5.831505] ata2: PATA max UDMA/33 cmd 0x170 ctl 0x376 bmdma 0xd008 irq 15
[    5.831579] libphy: Fixed MDIO Bus: probed
[    5.831581] tun: Universal TUN/TAP device driver, 1.6
[    5.831582] tun: (C) 1999-2004 Max Krasnyansky <maxk@qualcomm.com>
[    5.832032] PPP generic driver version 2.4.2
[    5.832086] ehci_hcd: USB 2.0 'Enhanced' Host Controller (EHCI) Driver
[    5.832090] ehci-pci: EHCI PCI platform driver
[    5.832106] ehci-platform: EHCI generic platform driver
[    5.832114] ohci_hcd: USB 1.1 'Open' Host Controller (OHCI) Driver
[    5.832119] ohci-pci: OHCI PCI platform driver
[    5.832127] ohci-platform: OHCI generic platform driver
[    5.832134] uhci_hcd: USB Universal Host Controller Interface driver
[    5.832188] i8042: PNP: PS/2 Controller [PNP0303:PS2K,PNP0f03:PS2M] at 0x60,0x64 irq 1,12
[    5.857605] serio: i8042 KBD port at 0x60,0x64 irq 1
[    5.857613] serio: i8042 AUX port at 0x60,0x64 irq 12
[    5.857793] mousedev: PS/2 mouse device common for all mice
[    5.858175] rtc_cmos rtc_cmos: rtc core: registered rtc_cmos as rtc0
[    5.858233] rtc_cmos rtc_cmos: alarms up to one day, 114 bytes nvram
[    5.858240] i2c /dev entries driver
[    5.858299] device-mapper: uevent: version 1.0.3
[    5.858411] device-mapper: ioctl: 4.34.0-ioctl (2015-10-28) initialised: dm-devel@redhat.com
[    5.858434] ledtrig-cpu: registered to indicate activity on CPUs
[    5.858846] NET: Registered protocol family 10
[    5.859172] NET: Registered protocol family 17
[    5.859184] Key type dns_resolver registered
[    5.859439] registered taskstats version 1
[    5.859451] Loading compiled-in X.509 certificates
[    5.860233] Loaded X.509 cert 'Build time autogenerated kernel key: 20acc96b50ca7641011eace69d32209215a9b56f'
[    5.860259] zswap: loaded using pool lzo/zbud
[    5.861977] Key type trusted registered
[    5.864831] Key type encrypted registered
[    5.864839] AppArmor: AppArmor sha1 policy hashing enabled
[    5.864841] ima: No TPM chip found, activating TPM-bypass!
[    5.864849] ima: Allocated hash algorithm: sha1
[    5.864862] evm: HMAC attrs: 0x1
[    5.865284]   Magic number: 10:350:79
[    5.876441] rtc_cmos rtc_cmos: setting system clock to 2018-11-19 13:05:18 UTC (1542632718)
[    5.876658] BIOS EDD facility v0.16 2004-Jun-25, 0 devices found
[    5.876659] EDD information not available.
[    5.913442] input: AT Translated Set 2 keyboard as /devices/platform/i8042/serio0/input/input2
[    6.178958] Freeing unused kernel memory: 1528K
[    6.195804] Write protecting the kernel read-only data: 14336k
[    6.208474] Freeing unused kernel memory: 1672K
[    6.212142] Freeing unused kernel memory: 92K
Loading, please wait...
starting version 229
[    6.232945] random: systemd-udevd: uninitialized urandom read (16 bytes read, 3 bits of entropy available)
[    6.233949] random: udevadm: uninitialized urandom read (16 bytes read, 3 bits of entropy available)
[    6.233969] random: udevadm: uninitialized urandom read (16 bytes read, 3 bits of entropy available)
[    6.243872] random: udevadm: uninitialized urandom read (16 bytes read, 3 bits of entropy available)
[    6.243921] random: udevadm: uninitialized urandom read (16 bytes read, 3 bits of entropy available)
[    6.244055] random: udevadm: uninitialized urandom read (16 bytes read, 3 bits of entropy available)
[    6.244104] random: udevadm: uninitialized urandom read (16 bytes read, 3 bits of entropy available)
[    6.244152] random: udevadm: uninitialized urandom read (16 bytes read, 3 bits of entropy available)
[    6.244203] random: udevadm: uninitialized urandom read (16 bytes read, 3 bits of entropy available)
[    6.244251] random: udevadm: uninitialized urandom read (16 bytes read, 3 bits of entropy available)
[    6.467187] e1000: Intel(R) PRO/1000 Network Driver - version 7.3.21-k8-NAPI
[    6.487947] e1000: Copyright (c) 1999-2006 Intel Corporation.
[    6.509184] Fusion MPT base driver 3.04.20
[    6.522662] Copyright (c) 1999-2008 LSI Corporation
[    6.567020] Fusion MPT SPI Host driver 3.04.20
[    6.582318] AVX2 version of gcm_enc/dec engaged.
[    6.596701] AES CTR mode by8 optimization enabled
[    6.753666] input: ImExPS/2 Generic Explorer Mouse as /devices/platform/i8042/serio1/input/input4
[    7.006193] e1000 0000:00:03.0 eth0: (PCI:33MHz:32-bit) 02:28:89:27:00:51
[    7.012302] e1000 0000:00:03.0 eth0: Intel(R) PRO/1000 Network Connection
[    7.455212] e1000 0000:00:08.0 eth1: (PCI:33MHz:32-bit) 08:00:27:4b:6c:d1
[    7.459939] e1000 0000:00:08.0 eth1: Intel(R) PRO/1000 Network Connection
[    7.463281] mptbase: ioc0: Initiating bringup
[    7.466010] e1000 0000:00:03.0 enp0s3: renamed from eth0
[    7.491587] e1000 0000:00:08.0 enp0s8: renamed from eth1
[    7.536768] ioc0: LSI53C1030 A0: Capabilities={Initiator}
[    7.709714] scsi host2: ioc0: LSI53C1030 A0, FwRev=00000000h, Ports=1, MaxQ=256, IRQ=20
[    7.832352] scsi 2:0:0:0: Direct-Access     VBOX     HARDDISK         1.0  PQ: 0 ANSI: 5
[    7.862154] scsi target2:0:0: Beginning Domain Validation
[    7.868798] scsi target2:0:0: Domain Validation skipping write tests
[    7.874211] scsi target2:0:0: Ending Domain Validation
[    7.876541] scsi target2:0:0: asynchronous
[    7.879736] scsi 2:0:1:0: Direct-Access     VBOX     HARDDISK         1.0  PQ: 0 ANSI: 5
[    7.882909] scsi target2:0:1: Beginning Domain Validation
[    7.896877] scsi target2:0:1: Domain Validation skipping write tests
[    7.898949] scsi target2:0:1: Ending Domain Validation
[    7.900864] scsi target2:0:1: asynchronous
[    7.912229] sd 2:0:0:0: Attached scsi generic sg0 type 0
[    7.930441] sd 2:0:0:0: [sda] 20971520 512-byte logical blocks: (10.7 GB/10.0 GiB)
[    7.934022] sd 2:0:1:0: [sdb] 20480 512-byte logical blocks: (10.5 MB/10.0 MiB)
[    7.936113] sd 2:0:0:0: [sda] Write Protect is off
[    7.936307] sd 2:0:1:0: Attached scsi generic sg1 type 0
[    7.936363] sd 2:0:0:0: [sda] Incomplete mode parameter data
[    7.936365] sd 2:0:0:0: [sda] Assuming drive cache: write through
[    7.953265]  sda: sda1
[    7.954144] sd 2:0:0:0: [sda] Attached SCSI disk
[    8.009433] sd 2:0:1:0: [sdb] Write Protect is off
[    8.012145] sd 2:0:1:0: [sdb] Incomplete mode parameter data
[    8.019945] sd 2:0:1:0: [sdb] Assuming drive cache: write through
[    8.048876] sd 2:0:1:0: [sdb] Attached SCSI disk
Begin: Loading essential drivers ... [    9.475364] md: linear personality registered for level -1
[    9.497827] md: multipath personality registered for level -4
[    9.515334] md: raid0 personality registered for level 0
[    9.527653] md: raid1 personality registered for level 1
[    9.603239] raid6: sse2x1   gen()  6276 MB/s
[    9.739387] raid6: sse2x1   xor()  4373 MB/s
[    9.855255] raid6: sse2x2   gen() 10326 MB/s
[    9.939115] raid6: sse2x2   xor()  6427 MB/s
[   10.019126] raid6: sse2x4   gen()  4961 MB/s
[   10.107051] raid6: sse2x4   xor()  7925 MB/s
[   10.183249] raid6: avx2x1   gen() 16359 MB/s
[   10.251243] raid6: avx2x2   gen() 19693 MB/s
[   10.327336] raid6: avx2x4   gen() 21731 MB/s
[   10.336818] raid6: using algorithm avx2x4 gen() 21731 MB/s
[   10.355937] raid6: using avx2x2 recovery algorithm
[   10.365701] xor: automatically using best checksumming function:
[   10.411272]    avx       : 23121.000 MB/sec
[   10.414755] async_tx: api initialized (async)
[   10.428315] md: raid6 personality registered for level 6
[   10.430516] md: raid5 personality registered for level 5
[   10.440191] md: raid4 personality registered for level 4
[   10.458845] md: raid10 personality registered for level 10
done.
Begin: Running /scripts/init-premount ... done.
Begin: Mounting root file system ... Begin: Running /scripts/local-top ... done.
Begin: Running /scripts/local-premount ... [   10.500555] Btrfs loaded
Scanning for Btrfs filesystems
done.
Warning: fsck not present, so skipping root file system
[   10.579985] EXT4-fs (sda1): mounted filesystem with ordered data mode. Opts: (null)
done.
Begin: Running /scripts/local-bottom ... done.
Begin: Running /scripts/init-bottom ... done.
[   10.793622] systemd[1]: systemd 229 running in system mode. (+PAM +AUDIT +SELINUX +IMA +APPARMOR +SMACK +SYSVINIT +UTMP +LIBCRYPTSETUP +GCRYPT +GNUTLS +ACL +XZ -LZ4 +SECCOMP +BLKID +ELFUTILS +KMOD DN)
[   10.882936] systemd[1]: Detected virtualization oracle.
[   10.886151] systemd[1]: Detected architecture x86-64.

Welcome to [1mUbuntu 16.04.5 LTS[0m!

[   11.180492] systemd[1: Se hostname to <ubuntu>.
[   1.23092] sstemd[]: Initializing machine ID from random generator.
[  11.340644] systemd1]: nstalld transint /etc/machine-i file.

[  11.88649] systemd[1: Litening on udev Kernel Socket.
[[0;32m  OK  [0m] Listening on udev Kernel Socket.
[  12.180090] systemd[1]: Listening on udev Control Socket.
[[0;32m  OK  [0m] Listening on udev Control Socket.
[   12490685] systemd[1]: Listening on Device-mapper event daemon FIFOs.
[[0;32m  OK  [0m] Listening on Device-mapper event daemon FIFOs.
[  12.672686] systemd[1]: Created slice User and Session Slice.
[[0;32m  OK  [0m] Created slice User and Session Slice.
[  12.99722] systmd[1]:Set upautomout Arbirary Executable File Formats File System Automount Point.
[[0;32m  OK  [0m] Set up automount Arbitrary Executab...ats File System Automount Point.
[   13.1670] sytemd[1: Listeing on Sslog Soket.
[[0;32m  OK  [0m] Listening on Syslog Socket.
[   13.3680] systemd[1]: Created slice System Slice.
[[0;32m  OK  [0m] Created slice System Slice.
[   13.486872] systemd[1]: Created slce sstemserial\2dgetty.slice.
[[0;32m  OK  [0m] Created slice system-serial\x2dgetty.slice.
[   13.711998] systemd[1]: Reached target Slices.
[[0;32m  OK  [0m] Reached target Slices.
[   13.910284] system[1]: Listning on LVM pol daemon ocket.
[[0;32m  OK  [0m] Listening on LVM2 poll daemon socket.
[   14.19951] systemd[1] Reachd targe System Tie Synchronized.
[[0;32m  OK  [0m] Reached target System Time Synchronized.
[   14.676286] systemd[1]: Reached target Encrypted Volumes.
[[0;32m  OK  [0m] Reached target Encrypted Volumes.
[   14.699893] systemd[1]: Listening on LVM2 metadata daemon socket.
[[0;32m  OK  [0m] Listening on LVM2 metadata daemon socket.
[  14.8050] systemd[1]: Started Forward Password Requests to Wall Directory Watch.
[[0;32m  OK  [0m] Started Forward Password Requests to Wall Directory Watch.
[  14.849066] sysemd[[1]: Listening on dev/inictl Cmpatibilit Named ipe. [[0;32m  OK  [0m] Listening on /dev/initctl Compatibility Named Pipe.
[   15.208825] systemd[1]: Listening on Journal Socket.
[[0;32m  OK  [0m] Listening on Journal Socket.
[   15.227359] systemd[1]: Mounting POSIX Message Queue File System...
[   15.234419] random: nonblocking pool is initialized
         Mounting POSIX Message Queue File System...
[   15.276376] systemd[1]: Starting Load Kernel Modules...
         Startin[   15.290989] Loading iSCSI transport class v2.0-870.
g Load Kernel Modules...
[   15.304076] systemd[1]: Starting Monitoring of LVM2 mirrors, snapshots etc. using dmeventd or progress polling...
[   15.318045] iscsi: registeredtransprt (tcp)

         Starting Monitoring of LVM2 mirrors... dmeventd or progress polling...
[   15.395396] systemd[1]: Starting Nameserver information manager...
         Starting Nameserver information manager...
[   15.429172] systemd[1]: Mounting Debug File System...
         [   15.439305] iscsi: registered transport (iser)
Mounting Debug File System...
[   15.471901] systemd[1]: Mounting Huge Pages File System...
         Mounting Huge Pages File System...
[   15.511842] systemd[1]: Starting Uncomplicated firewall...
         Starting Uncomplicated firewall...
[   15.532997] systemd[1]: Starting Create list of required static device nodes for the current kernel...
         Starting Create list of required st... nodes for the current kernel...
[   15.556977] systemd[1]: Listening on Journal Socket (/dev/log).
[[0;32m  OK  [0m] Listening on Journal Socket (/dev/log).
[   15.575484] systemd[1]: Started Trigger resolvconf update for networkd DNS.
[[0;32m  OK  [0m] Started Trigger resolvconf update for networkd DNS.
[   15.610993] systemd[1]: Reached target User and Group Name Lookups.
[[0;32m  OK  [0m] Reached target User and Group Name Lookups.
[   15.666078] systemd[1]: Reached target Swap.
[[0;32m  OK  [0m] Reached target Swap.
[   15.703990] systemd[1]: Starting Set console keymap...
         Starting Set console keymap...
[   15.737733] systemd[1]: Starting Remount Root and Kernel File Systems...
[   15.755185] EXT4-fs (sda1): re-mounted. Opts: (null)
         Starting Remount Root and Kernel File Systems...
[   15.775911] systemd[1]: Listening on Journal Audit Socket.
[[0;32m  OK  [0m] Listening on Journal Audit Socket.
[   15.819781] systemd[1]: Starting Journal Service...
         Starting Journal Service...
[   15.841748] systemd[1]: Mounted Debug File System.
[[0;32m  OK  [0m] Mounted Debug File System.
[   15.880496] systemd[1]: Mounted POSIX Message Queue File System.
[[0;32m  OK  [0m] Mounted POSIX Message Queue File System.
[   15.911926] systemd[1]: Mounted Huge Pages File System.
[[0;32m  OK  [0m] Mounted Huge Pages File System.
[   15.940732] systemd[1]:Started Journal Service.

[[0;32m  OK  [0m] Started Journal Service.
[[0;32m  OK  [0m] Started Load Kernel Modules.
[[0;32m  OK  [0m] Started Uncomplicated firewall.
[[0;32m  OK  [0m] Started Create list of required sta...ce nodes for the current kernel.
[[0;32m  OK  [0m] Started Set console keymap.
[[0;32m  OK  [0m] Started Remount Root and Kernel File Systems.
[[0;32m  OK  [0m] Started Nameserver information manager.
[[0;32m  OK  [0m] Started LVM2 metadata daemon.
         Starting Load/Save Random Seed...
         Starting udev Coldplug all Devices...
         Starting Create Static Device Nodes in /dev...
         Mounting FUSE Control File System...
         Starting Apply Kernel Variables...
         Starting Flush Journal to Persistent Storage...
[[0;32m  OK  [0m] Mounted FUSE Control File System.
[[0;32m  OK  [0m] Started Load/Save Random Seed.
[[0;32m  OK  [0m] Started Create Static Device Nodes in /dev.
[[0;32m  OK  [0m] Started Apply Kernel Variables.
[[0;32m  OK  [0m] Started udev Coldplug all Devices.
[[0;32m  OK  [0m] Started Flush Journal to Persistent Storage.
         Starting udev Kernel Device Manager...
[[0;32m  OK  [0m] Started udev Kernel Device Manager.
[[0;32m  OK  [0m] Started Dispatch Password Requests to Console Directory Watch.
[[0;32m  OK  [0m] Started Monitoring of LVM2 mirrors,...ng dmeventd or progress polling.
[[0;32m  OK  [0m] Reached target Local File Systems (Pre).
[[0;32m  OK  [0m] Reached target Local File Systems.
         Starting Create Volatile Files and Directories...
         Starting Commit a transient machine-id on disk...
         Starting Set console font and keymap...
         Starting LSB: AppArmor initialization...
         Starting Initial cloud-init job (pre-networking)...
         Starting Tell Plymouth To Write Out Runtime Data...
[[0;32m  OK  [0m] Started Create Volatile Files and Directories.
[[0;32m  OK  [0m] Started Commit a transient machine-id on disk.
[[0;32m  OK  [0m] Started Tell Plymouth To Write Out Runtime Data.
[[0;32m  OK  [0m] Found device /dev/ttyS0.
[[0;32m  OK  [0m] Listening on Load/Save RF Kill Switch Status /dev/rfkill Watch.
         Starting Update UTMP about System Boot/Shutdown...
[[0;32m  OK  [0m] Started Update UTMP about System Boot/Shutdown.
[[0;32m  OK  [0m] Started Set console font and keymap.
[[0;32m  OK  [0m] Created slice system-getty.slice.
[[0;32m  OK  [0m] Started LSB: AppArmor initialization.
[   16.156221] cloud-init[631]: Cloud-init v. 18.3-9-g2e62cb8a-0ubuntu1~16.04.2 running 'init-local' at Mon, 19 Nov 2018 13:05:31 +0000. Up 15.75 seconds.
[[0;32m  OK  [0m] Started Initial cloud-init job (pre-networking).
[[0;32m  OK  [0m] Reached target Network (Pre).
         Starting Raise network interfaces...
[[0;32m  OK  [0m] Started Raise network interfaces.
[[0;32m  OK  [0m] Reached target Network.
         Starting Initial cloud-init job (metadata service crawler)...
[   17.528899] cloud-init[937]: Cloud-init v. 18.3-9-g2e62cb8a-0ubuntu1~16.04.2 running 'init' at Mon, 19 Nov 2018 13:05:32 +0000. Up 16.87 seconds.
[   17.581341] cloud-init[937]: ci-info: +++++++++++++++++++++++++++++++++++++Net device info++++++++++++++++++++++++++++++++++++++
[[   18.004948] cloud-init[937]: ci-info: +--------+-------+--------------------------+---------------+--------+-------------------+
[   18.006169] cloud-init[937]: ci-info: | Device |   Up  |         Address          |      Mask     | Scope  |     Hw-Address    |
[0;32m  OK  [0m] Started Initial cloud-init job (metadata service crawler).
[   18.009073] cloud-init[937]: ci-info: +--------+-------+--------------------------+---------------+--------+-------------------+
[[   18.104287] cloud-init[937]: ci-info: | enp0s3 |  True |        10.0.2.15         | 255.255.255.0 | global | 02:28:89:27:00:51 |
[   18.105041] cloud-init[937]: ci-info: | enp0s3 |  True | fe80::28:89ff:fe27:51/64 |       .       |  link  | 02:28:89:27:00:51 |
[0;32m  OK  [0m] Reached target Cloud-config availability.
[[   18.105818] cloud-init[937]: ci-info: | enp0s8 | False |            .             |       .       |   .    | 08:00:27:4b:6c:d1 |
[   18.259933] cloud-init[937]: ci-info: |   lo   |  True |        127.0.0.1         |   255.0.0.0   |  host  |         .         |
[0;32m  OK  [0m] Reached target Network is Online.
[   18.261258] cloud-init[937]: ci-info: |   lo   |  True |         ::1/128          |       .       |  host  |         .         |
[   18.440471] cloud-init[937]: ci-info: +--------+-------+--------------------------+---------------+--------+-------------------+
[   18.440979] cloud-init         [937]: Starting iSCSI initiator daemon (iscsid)...ci-info: +++++++++++++++++++++++++++Route IPv4 info++++++++++++++++++++++++++++

[[   18.443671] cloud-init[937]: ci-info: +-------+-------------+----------+---------------+-----------+-------+
[   18.549936] cloud-init[937]: ci-info: | Route | Destination | Gateway  |    Genmask    | Interface | Flags |
[0;32m  OK  [0m] Reached target System Initialization.
[   18.551408] cloud-init[937]: ci-info: +-------+-------------+----------+---------------+-----------+-------+
[   18.689505] cloud-init[937]: ci-info: |   0   |   0.0.0.0   | 10.0.2.2 |    0.0.0.0    |   enp0s3  |   UG  |
[   18.690168] cloud-init[937]: ci-info: |   1   |   10.0.2.0  | 0.0.0.0  | 255.255.255.0 |   enp0s3  |   U   |
         Starting Socket activation for snappy daemon.
[   18.694636] cloud-init[937]: ci-info: +-------+-------------+----------+---------------+-----------+-------+
[   18.783315] cloud-init[937]: ci-info: +++++++++++++++++++Route IPv6 info+++++++++++++++++++
[   18.792590] cloud-init[937]: ci-info: +-------+-------------+---------+-----------+-------+
[   18.793250] cloud-init[937]: ci-info: | Route | Destination | Gateway | Interface | Flags |
[   18.797170] cloud-init[937]: ci-info: +-------+-------------+---------+-----------+-------+
[   18.799734] cloud-init[937]: ci-info: |   0   |  fe80::/64  |    ::   |   enp0s3  |   U   |
[[0;32m  OK  [0m] Started ACPI Events Check.
[   18.803660] cloud-init[937]: ci-info: |   3   |   ff00::/8  |    ::   |   enp0s3  |   U   |
[   18.851920] cloud-init[937]: ci-info: +-------+-------------+---------+-----------+-------+
[[0;32m  OK  [0m] Reached target Paths.
[[0;32m  OK  [0m[   18.853745] ] cloud-initListening on UUID daemon activation socket.[937]: 
Generating public/private rsa key pair.
[   18.913363] cloud-init[937]: Your identification has been saved in /etc/ssh/ssh_host_rsa_key.
[   18.914146] cloud-init[937]: Your public key has been saved in /etc/ssh/ssh_host_rsa_key.pub.
[[0;32m  OK  [0m] Listening on ACPID Listen Socket.
[[   18.915282] cloud-init[937]: The key fingerprint is:
[   18.959703] cloud-init[937]: SHA256:5vw8d50EONdDJ8XyzMpR8bcJ0uo5PU+cgLSUIveXoR8 root@ubuntu-xenial
[0;32m  OK  [0m] Started Daily apt download activities.
[[   18.961049] cloud-init[937]: The key's randomart image is:
[   19.054223] cloud-init[937]: +---[RSA 2048]----+
[0;32m  OK  [0m] Started Daily Cleanup of Temporary Directories.
[[   19.055595] cloud-init[937]: |               +o|
[   19.147203] cloud-init[937]: |            o o.=|
[0;32m  OK  [0m] Started Daily apt upgrade and clean activities.
[   19.148971] cloud-init[937]: |       . o =.+oB+|
[[   19.162919] [0;32m  OK  [0mcloud-init] [937]: Reached target Timers.|        o =o*o=oB|

[[   19.163684] cloud-init[937]: |        S  *oE.=.|
[   19.242860] cloud-init[937]: |       +  . = *..|
[0;32m  OK  [0m] Listening on D-Bus System Message Bus Socket.
[   19.244874] cloud-init[937]: |        o  + +.=.|
[   19.293054] cloud-init[937]: |         o. o =..|
[   19.293591]          cloud-initStarting LXD - unix socket.[937]: 
|          oo . . |
[   19.299914] cloud-init[937]: +----[SHA256]-----+
[   19.304400] cloud-init[937]: Generating public/private dsa key pair.
[   19.307736] cloud-init[937]: Your identification has been saved in /etc/ssh/ssh_host_dsa_key.
[   19.340513] cloud-init[937]: Your public key has been saved in /etc/ssh/ssh_host_dsa_key.pub.
[   19.341202] [cloud-init[0;32m  OK  [0m[937]: ] The key fingerprint is:Listening on Socket activation for snappy daemon.

[[   19.342916] cloud-init[937]: SHA256:zhMlDzPp5QQET1nSvB0nbkbRmi6UZVB2W6NMWQfFvKU root@ubuntu-xenial
[   19.382083] cloud-init[937]: The key's randomart image is:[0;32m  OK  [0m
] Listening on LXD - unix socket.
[   19.382775] cloud-init[937]: +---[DSA 1024]----+
[   19.459423] cloud-init[937]: |      .o==oo++=B+|
[[0;32m  OK  [0m] Started iSCSI initiator daemon (iscsid).
[   19.461681] cloud-init[937]: |       o.+o.Oo+o*|
[   19.504204] cloud-init[937]: |        B +O O..o|
[   19.508071] cloud-init[937]: |       . @+ B E. |
[   19.516076] cloud-init[937]: |        S.o+     |
[   19.520895] cloud-init[937]: |       o .. .    |
         [   19.537163] Starting Login to default iSCSI targets...cloud-init
[937]: |        +  .     |
[   19.555122] cloud-init[937]: |         .       |
[   19.555844] cloud-init[937]: |                 |
[   19.557347] cloud-init[937]: +----[SHA256]-----+
[   19.558085] cloud-init[937]: Generating public/private ecdsa key pair.
[[0;32m  OK  [0m] Reached target Sockets.
[[   19.558892] cloud-init[937]: Your identification has been saved in /etc/ssh/ssh_host_ecdsa_key.
[   19.594063] cloud-init[937]: Your public key has been saved in /etc/ssh/ssh_host_ecdsa_key.pub.
[0;32m  OK  [0m] Reached target Basic System.
[   19.597125] cloud-init[937]: The key fingerprint is:
[   19.625289] cloud-init[937]: SHA256:jrhXZGqYk5eCPUITvF6d+uGy7weUKE33EEzoDSHpM6g root@ubuntu-xenial
[   19.634952] cloud-init[937]: The key's randomart image is:
[   19.653490] cloud-init[937]: +---[ECDSA 256]---+
[   19.654457]          Starting System Logging Service...
cloud-init[937]: | ....=o.         |
         Starting LSB: Record successful boot for GRUB...[   19.673445] cloud-init[937]: |  +.+ +          |
[   19.673552] cloud-init[937]: | o * * =         |

[   19.674177] cloud-init[937]: |. O = * +        |
[   19.711204]          Starting Pollinate to seed the pseudo random number generator...
         Starting /etc/rc.local Compatibility...
cloud-init[937]: |.o O * =S        |
         Starting LXD - container startup/shutdown...
[   19.725032] cloud-init[937]: |E + X.Bo.        |
[[0;32m  OK  [0m] Started ACPI event daemon.
[   19.740678] cloud-init[937]: |   ..O.+.        |
[   19.813239]          cloud-initStarting Snappy daemon...[937]: 
|    ..+ .        |
[   19.881446]          cloud-initStarting LSB: MD monitoring daemon...[937]: 
|    o*o.         |
[   19.957577] cloud-init[937]: +----[SHA256]-----+
[[0;32m  OK  [0m] Started FUSE filesystem for LXC.
[   19.959808] cloud-init[937]: Generating public/private ed25519 key pair.
[   20.090293] cloud-init[937]: Your identification has been saved in /etc/ssh/ssh_host_ed25519_key.
[   20.090751] cloud-init[937]: Your public key has been saved in /etc/ssh/ssh_host_ed25519_key.pub.
[   20.090827] cloud-init[937]: The key fingerprint is:
         [   20.091021] cloud-init[937]: SHA256:aIQl5EUuCutcsQTH5EWxFRppYnH6Yzs7t2VnJvDGbSc root@ubuntu-xenial
Starting Login Service...
[   20.092851] cloud-init[937]: The key's randomart image is:
[   20.191631]          Starting Accounts Service...
cloud-init[937]: +--[ED25519 256]--+
[   20.209051] [[0;32m  OK  [0m] Started Deferred execution scheduler.
[[0;32m  OK  [0m] Started Unattended Upgrades Shutdown.
cloud-init[937]: | .o==B*o.        |
[   20.220104] [[0;32m  OK  [0m] Started Regular background program processing daemon.
cloud-init[937]: |  +=+O=          |
[[0;32m  OK  [0m] Started D-Bus System Message Bus.
[   20.226972] cloud-init[937]: |. .=*oo          |
[   20.275556] cloud-init[937]: | o..+o .         |
[   20.281417] cloud-init[937]: |. .o +o.S        |
[   20.286793] cloud-init[937]: |o . ..o + .      |
[   20.315363]          Starting Virtualbox guest utils...
cloud-init[937]: [[0;32m  OK  [0m] Started System Logging Service.
[[0;32m  OK  [0m] Started Snappy daemon.
[[0;32m  OK  [0m] Started Pollinate to seed the pseudo random number generator.
| o   o   B E .   |
[   20.323883] cloud-init[937]: |     .o.+ * o    |
[   20.324011] cloud-init[937]: |     .o..        |
[   20.324248] cloud-init[937]: +----[SHA256]-----+
[[0;32m  OK  [0m] Started /etc/rc.local Compatibility.
[[0;32m  OK  [0m] Started LXD - container startup/shutdown.
[[0;32m  OK  [0m] Started LSB: Record successful boot for GRUB.
[[0;32m  OK  [0m] Started Login to default iSCSI targets.
[[0;32m  OK  [0m] Started LSB: MD monitoring daemon.
[[0;32m  OK  [0m] Started Login Service.
         Starting Authenticate and Authorize Users to Run Privileged Tasks...
[[0;32m  OK  [0m] Reached target Remote File Systems (Pre).
[[0;32m  OK  [0m] Reached target Remote File Systems.
         Starting LSB: automatic crash report generation...
         Starting Permit User Sessions...
         Starting LSB: Set the CPU Frequency Scaling governor to "ondemand"...
         Starting LSB: daemon to balance interrupts for SMP systems...
         Starting OpenBSD Secure Shell server...
         Starting Wait until snapd is fully seeded...
[[0;32m  OK  [0m] Started Virtualbox guest utils.
[[0;32m  OK  [0m] Started Permit User Sessions.
[[0;32m  OK  [0m] Started OpenBSD Secure Shell server.
[[0;32m  OK  [0m] Started Authenticate and Authorize Users to Run Privileged Tasks.
[[0;32m  OK  [0m] Started Accounts Service.
[[0;32m  OK  [0m] Started LSB: Set the CPU Frequency Scaling governor to "ondemand".
[[0;32m  OK  [0m] Started LSB: automatic crash report generation.
[[0;32m  OK  [0m] Started LSB: daemon to balance interrupts for SMP systems.
         Starting Terminate Plymouth Boot Screen...
         Starting Hold until boot process finishes up...
[[0;32m  OK  [0m] Started Terminate Plymouth Boot Screen.
[[0;32m  OK  [0m] Started Hold until boot process finishes up.
[[0;32m  OK  [0m] Started Serial Getty on ttyS0.
[[0;32m  OK  [0m] Started Getty on tty1.
[[0;32m  OK  [0m] Reached target Login Prompts.
         Starting Set console scheme...
[[0;32m  OK  [0m] Started Set console scheme.
[[0;32m  OK  [0m] Started Wait until snapd is fully seeded.
[[0;32m  OK  [0m] Reached target Multi-User System.
[[0;32m  OK  [0m] Reached target Graphical Interface.
         Starting Update UTMP about System Runlevel Changes...
         Starting Apply the settings specified in cloud-config...
[[0;32m  OK  [0m] Started Update UTMP about System Runlevel Changes.
[   21.767219] cloud-init[1256]: Generating locales (this might take a while)...
[   22.722135] cloud-init[1256]:   en_US.UTF-8... done
[   22.725888] cloud-init[1256]: Generation complete.
[   23.227742] cloud-init[1256]: Cloud-init v. 18.3-9-g2e62cb8a-0ubuntu1~16.04.2 running 'modules:config' at Mon, 19 Nov 2018 13:05:36 +0000. Up 21.63 seconds.
[[0;32m  OK  [0m] Started Apply the settings specified in cloud-config.
         Starting Execute cloud user/final scripts...
[[0;32m  OK  [0m] Created slice User Slice of vagrant.
         Starting User Manager for UID 1000...
[[0;32m  OK  [0m] Started Session 1 of user vagrant.
[[0;32m  OK  [0m] Started User Manager for UID 1000.
ci-info: no authorized ssh keys fingerprints found for user ubuntu.
<14>Nov 19 13:05:39 ec2: 
<14>Nov 19 13:05:39 ec2: #############################################################
<14>Nov 19 13:05:39 ec2: -----BEGIN SSH HOST KEY FINGERPRINTS-----
<14>Nov 19 13:05:39 ec2: 1024 SHA256:zhMlDzPp5QQET1nSvB0nbkbRmi6UZVB2W6NMWQfFvKU root@ubuntu-xenial (DSA)
<14>Nov 19 13:05:39 ec2: 256 SHA256:jrhXZGqYk5eCPUITvF6d+uGy7weUKE33EEzoDSHpM6g root@ubuntu-xenial (ECDSA)
<14>Nov 19 13:05:39 ec2: 256 SHA256:aIQl5EUuCutcsQTH5EWxFRppYnH6Yzs7t2VnJvDGbSc root@ubuntu-xenial (ED25519)
<14>Nov 19 13:05:39 ec2: 2048 SHA256:5vw8d50EONdDJ8XyzMpR8bcJ0uo5PU+cgLSUIveXoR8 root@ubuntu-xenial (RSA)
<14>Nov 19 13:05:39 ec2: -----END SSH HOST KEY FINGERPRINTS-----
<14>Nov 19 13:05:39 ec2: #############################################################
-----BEGIN SSH HOST KEY KEYS-----
ecdsa-sha2-nistp256 AAAAE2VjZHNhLXNoYTItbmlzdHAyNTYAAAAIbmlzdHAyNTYAAABBBIoN+FghRTai95Ykp8qlrqBpidgSzuLcGYZuXVvCA3f4/S8fKplYlod7MZGri9ri/nkxIvPEs+/sWZanrMw2i8w= root@ubuntu-xenial
ssh-ed25519 AAAAC3NzaC1lZDI1NTE5AAAAINeOA4thGnGJ3nPLrVqYiJXSmVNW0DRZbrqkRceghqQC root@ubuntu-xenial
ssh-rsa AAAAB3NzaC1yc2EAAAADAQABAAABAQC4RrgSumlYl8LxmWkAekrmqyh1qOwcagtPZ2I2M8zba/ofytuZ7KxeLVJFrJpGkh2rt+2hhyZI5MZ8gMkRDP3HaO6tcQyXfOJArfhUE84MMojnHN6TCQ3SUe/1AWNjo+1LofwmqOH/CJ9Qpcx7JB+/mR9nirpBa5WJjDIljeaweWQ/MJG/2sHhB0dsWhvO6gZ55Vl8+OH5vvXgPgU4r5UB2zKW4SgUwVeUE8KkAfOpSsAA/BLWYSGQur8gxo7h04aaV4z9bfDOTX38p9UV1m2oM+WHu+Cs9NCE15BhT79DOJbfxS7ghgO//YltbtH3D7tmSSfoVt4C37eabxkMxyi9 root@ubuntu-xenial
-----END SSH HOST KEY KEYS-----
[   24.152833] cloud-init[1296]: Cloud-init v. 18.3-9-g2e62cb8a-0ubuntu1~16.04.2 running 'modules:final' at Mon, 19 Nov 2018 13:05:39 +0000. Up 23.78 seconds.
[   24.165531] cloud-init[1296]: ci-info: no authorized ssh keys fingerprints found for user ubuntu.
[   24.177166] cloud-init[1296]: Cloud-init v. 18.3-9-g2e62cb8a-0ubuntu1~16.04.2 finished at Mon, 19 Nov 2018 13:05:39 +0000. Datasource DataSourceNoCloud [seed=/dev/sdb][dsmode=net].  Up 24.14 seconds
[[0;32m  OK  [0m] Started Execute cloud user/final scripts.
[[0;32m  OK  [0m] Reached target Cloud-init target.

Ubuntu 16.04.5 LTS ubuntu-xenial ttyS0

ubuntu-xenial login: 