[    0.000000] Initializing cgoup subsys puset
[   0.000000] Initializing cgroup sbsys cpu
[    0.000000] nitializing cgrou subsys cpuacct
[    0.00000] Liux version 4.4.0-13-generic (buildd@lgw01-amd64-037) (gcc version 5.4.0 20160609 (Ubuntu 5.4.0-6ubuntu1~16.04.10) ) #163-UbuntuSMP Mon Sep 24 13:14:43 UC 2018 (Ubuntu 4.4.0-17.163-generic 4.4.144)
[    0.000000] Command line: BOOT_IMAGE=/boot/vmlinuz-4.4.0-137-generic root=LABEL=cloudimg-roofs ro console=tty1 console=ttyS0
[    0.000000] KERNEL supported cpus:
[    .000000]   Itel GenuineIntel
[    0.000000]   AMD AuthenticAMD
[   0.000000   Centaur CentaurHauls
[    0.000000] x6/fpu: xstate_offset[2]:  576, xstate_sizes[2]:  25
[    0.000000 x86/fpu: Supporting XSAVE featue 0x01: 'x87 floating point registers'
[   0.000000] x86/fu: Supporting XSAVE feture 0x02: 'SSE registers'
[    0.000000] x8/fpu:Supporting XSAV feature 0x04: 'AVXregisters'
[    .000000] x86/fp: Enabled xstate features 0x7, contet size is 832 bytes, using 'standard' format.
    0.00000] e820: BIOS-provided physicl RAM map:
[    0.000000] BIOS-e820: [mem 0x0000000000000000-0x00000000000fbff] usble
[    0.000000] BIOS-e820: [mem 0x000000000009fc00-0x000000000009ffff] reserved
[    0.000000] BIOS-e820: [mem 0x00000000000f0000-0x00000000000fffff] reserved
[    0.000000] BIOS-e820: [mem 0x0000000000100000-0x000000003ffeffff] usable
[    0.000000] BIOS-e820: [mem 0x000000003fff0000-0x000000003fffffff] ACPI data
[    0.000000] BIOS-e82 [me 0x00000000fec00000-0x00000000fec00fff] reserved
[    0.000000] BIOS-e820: [mem 0x00000000fee00000-0x00000000fee00fff] resered
[  0.000000] BIOS-e820: [mem 0x00000000fffc000-0x00000000fffffff] reserved
[    0.000000] NX (Execute Disable) protection: active
[    0.000000] SMBIOS 2.5 present.
[    0.000000] Hypervisor detected: KVM
[    0.000000] e820: last_pfn = 0x3fff0 max_arch_pfn = 0x400000000
[   0.000000] MTRR: Disabled
[    0.000000] x86/PAT: MTRRs disabled, skipping PAT initialization too.
[    0.000000] CPU MTRRs all blank - virtualized system.
[    0.000000] x86/PAT: Configuration [0-7]: WB  WT  UC- UC  WB  WT  UC- UC  
[    0.000000]found SMP MP-table at [mem 0x0009fff0-0x0009fff] mapped at [ffff8800000fff0]
[    0.000000] Scanning 1 areas for low memory corruption
[    0.000000] RAMDISK: mem 0x3630e000-0x3717efff]
[    .000000] ACPI: Early able checksum verification disabled
[    0.000000] API: RSDP 0x0000000000E000 000024 (v02 VBOX )
[    0.000000] ACPI: XSDT 0x000000003FFF000 00003C (v01 VBOX   VBOXXSDT 00000001 ASL  00000061)
[    0.000000] ACPI: FACP0x00000003FFF00F0 00004 (v0 VBOX   VBOXFACP 00000001 ASL  00000061)
[   0.000000] ACPI: DSDT 0x000000003FFF0470 0021FF (v02 VBOX   VBOXBIOS 000000 INTL 20100528)
[    0.000000] CPI FACS 0x000000003FFF0200 000040
[    0.000000] ACPI: FACS 0x000000003FFF0200 000040
[    0.000000] ACPI: APIC 0x000000003FFF0240 00005C(v02 VBOX   VBOXAPIC 00000001 ASL  00000061)
[    0.0000000] ACPI: SSDT 0x000000003FFF02A0 0001CC (v01 VBOX   VBOXCPUT 00000002 INTL 20100528)
[    0.000000] No NUMA configuration found
[    0.000000] Faking a node at [mem 0x0000000000000000-0x000000003ffeffff]
[    0.000000] NODE_DATA(0) allocated [mem 0x3ffeb000-0x3ffeffff]
[    0.000000] kvm-clock: Using msrs 4b564d01 and 4b564d00
[    0.000000] kvm-clock: cpu 0, msr 0:3ffe3001, primary cpu clock
[    0.000000] kvm-clock: using sched offset of 4986870658 cycles
[    0.000000] clocksource: kvm-clock: mask: 0xffffffffffffffff max_cycles: 0x1cd42e4dffb, max_idle_ns: 881590591483 ns
[    0.000000] Zone ranges:
[   0.000000]   MA      [mem 0x0000000000001000-0x000000000ffffff]
[    0.000000]   DMA32    [mem 0x0000000001000000-0x000000003feffff]
[    0.000000]   Normal   empty
[    0.000000]   Device   empty
[    0.000000] Movable zone start for each node
[    0.000000] Early memory node ranges
[    0.000000   node   0: [mem 0x0000000000001000-0x000000000009efff]
[    0.000000]   ode   0: [mem 0x0000000000100000-0x000000003ffeffff]
[    0.000000] Initmem setup node0 [mem 0x0000000000001000-0x000000003ffeffff]
[    0.000000] ACPI: PM-Time IO Port: 0x4008
[    0.000000] IOAPIC[0]: apic_id 2, version 32, addrss 0xfc00000, GSI 0-23
[    .00000] ACPI: INT_SRC_OVR (bus 0 bus_irq 0 global_irq 2 dfl dfl)
[    0.000000] ACPI: INT_RC_OVR (bus 0 bus_irq 9 global_irq 9 low level)[    0.00000] Using ACPI (MADT) for SMP configuration information
[    0.000000] smpboot: Allowing 2 CPUs, 0 hotplug CPUs
[    0.00000] PM: Registered nosave meory: [mem 0x0000000-0x00000fff]
[    0.00000] PM Regstered nosave memory: [mem 0x0009f000-0x0009ffff]
[    0.0000] PM Registered nosave memory: [mem 0x000a0000-0x000effff]
[    0.000000] PM: Registered nosave memory: [mem 0x000f0000-0x000fffff]
[    0.000000] e820: [mem 0x40000000-0xfebfffff] available for PCI devices
[    0.000000] Booting paravirtualized kernel on KVM
[    0.00000] clockource: refined-jiffies: mask: 0xffffffff max_cycles: 0xffffffff, max_idle_ns: 7645519600211568 ns
[    0.000000] setup_percpu: NR_CPUS:512 nr_cpumask_bits:512 nr_cpu_ids:2 nr_node_ids:1
[    0.00000] PERCPU: Embedded 34 pages/cpu @ffff88003fc00000 s99608 r8192 d31464 u1048576
[    0.000000] PV qspinlock hash table entries: 256 (order: 0, 4096 bytes)
[    0.000000] Built 1 zonelists in Node orde, mobility grouping on.  Total pages: 257912
[    0.000000] Policy zone: DMA32
[    0.000000] Kernel command line: BOOT_IMAGE=/boot/vmlinuz-4.4.0-137-generic root=LABL=cloudimg-rootfs ro console=tty1 console=ttyS0
[    0.000000] PID hash table entries: 4096 (order: 3, 32768 bytes)
[    0.000000] Memory: 997716K/1048120K available (8555K kernel code, 1314K rwdata, 4004K rodata, 1528K init, 1316K bss, 50404K reserved, 0K cma-rserved)[    0.000000] SLUB: HWalign=64, Order=0-3, MinObjects=0, CPUs=2, Nodes=1
[    0.000000] Kernel/Use page tables isolation: enabled
[    .000000] Hierarchical RCU implmentation.
[    0.000000] 	Build-ime adjusmentof leaf fanout to 64.
[    0.00000] 	RCU rstriting CPUs from NR_CPUS=512 to nr_cpu_ids=2.
[   0.000000] RCU: Adjusting geometry for rcu_fanout_leaf=64, nr_cpu_ids=2
[    0.0000] NR_IRQS:33024 nr_irqs:440 16
[    0.00000] Console: coour VGA+ 8025
[    0.000000] console [tty1] enabled
[    0.000000] console [ttyS0] enabled
[    0.000000] tsc: Detected 1799.999 MHz processor
[    2.356150] Calibrating delay loop (skipped) preset value.. 3599.99 BogoMIPS (lpj=7199996)
[    2.384605] pid_max: default: 32768 minimum: 301
[    2.405200] ACPI: Core revision 20150930
[    2.418196] ACPI: 2 ACPI AML tables successfully acquired and loaded
[    2.433173] Security Framework initialized
[    2.435094] Yama: becoming mindful.
[    2.437621] AppArmor: AppArmor initialized
[    2.440919] Dentry cache hash table entries: 131072 (order: 8, 1048576 bytes)
[    2.465801] Inode-cache hash table entries: 65536 (order: 7, 524288 bytes)
[    2.476928] Mount-cache hash table entries: 2048 (order: 2, 16384 bytes)
[    2.497330] Mountpoint-cache hash table entries: 2048 (order: 2, 16384 bytes)
[    2.521275] Initializing cgroup subsys io
[    2.528626] Initializing cgroup subsys memory
[    2.545114] Initializing cgroup subsys devices
[    2.547007] Initializing cgroup subsys freezer
[    2.564406] Initializing cgroup subsys net_cls
[    2.566155] Initializing cgroup subsys perf_event
[    2.569558] Initializing cgroup subsys net_prio
[    2.581233] Initializing cgroup subsys hugetlb
[    2.592473] Initializing cgroup subsys pids
[    2.605820] mce: CPU supports 0 MCE banks
[    2.614175] Last level iTLB entries: 4KB 64, 2MB 8, 4MB 8
[    2.628807] Last level dTLB entries: 4KB 64, 2MB 0, 4MB 0, 1GB 4
[    2.631797] Spectre V2 : Mitigation: Full generic retpoline
[    2.635024] Spectre V2 : Spectre v2 mitigation: Speculation control IBPB not-supported IBRS not-supported
[    2.639924] Spectre V2 : Spectre v2 / SpectreRSB mitigation: Filling RSB on context switch
[    2.654440] Speculative Store Bypass: Vulnerable
[    2.664287] Freeing SMP alternatives memory: 32K
[    2.688957] ftrace: allocating 32265 entries in 127 pages
[    2.753297] smpboot: APIC(0) Converting physical 0 to logical package 0
[    2.765818] smpboot: Max logical packages: 1
[    2.769570] x2apic enabled
[    2.773663] Switched APIC routing to physical x2apic.
[    2.776665] ..TIMER: vector=0x30 apic1=0 pin1=2 apic2=-1 pin2=-1
[    2.896692] smpboot: CPU0: Intel(R) Core(TM) i5-5350U CPU @ 1.80GHz (family: 0x6, model: 0x3d, stepping: 0x4)
[    2.914742] Performance Events: unsupported p6 CPU model 61 no PMU driver, software events only.
[    2.918520] KVM setup paravirtual spinlock
[    2.922186] x86: Booting SMP configuration:
[    2.943292] .... node  #0, CPUs:      #1
[    2.945308] kvm-clock: cpu 1, msr 0:3ffe3041, secondary cpu clock
[    2.947982] mce: CPU supports 0 MCE banks
[    2.951455] x86: Booted up 1 node, 2 CPUs
[    2.961306] smpboot: Total of 2 processors activated (7199.99 BogoMIPS)
[    2.969197] devtmpfs: initialized
[    2.977869] evm: security.selinux
[    2.979225] evm: security.SMACK64
[    2.990399] evm: security.SMACK64EXEC
[    2.993457] evm: security.SMACK64TRANSMUTE
[    2.995099] evm: security.SMACK64MMAP
[    3.002106] evm: security.ima
[    3.008561] evm: security.capability
[    3.010407] clocksource: jiffies: mask: 0xffffffff max_cycles: 0xffffffff, max_idle_ns: 7645041785100000 ns
[    3.020145] futex hash table entries: 512 (order: 3, 32768 bytes)
[    3.028404] pinctrl core: initialized pinctrl subsystem
[    3.031326] RTC time:  9:54:39, date: 11/20/18
[    3.033829] NET: Registered protocol family 16
[    3.048356] cpuidle: using governor ladder
[    3.064530] cpuidle: using governor menu
[    3.071475] PCCT header not found.
[    3.077082] ACPI: bus type PCI registered
[    3.084680] acpiphp: ACPI Hot Plug PCI Controller Driver version: 0.5
[    3.094161] PCI: Using configuration type 1 for base access
[    3.130140] ACPI: Added _OSI(Module Device)
[    3.161230] ACPI: Added _OSI(Processor Device)
[    3.183010] ACPI: Added _OSI(3.0 _SCP Extensions)
[    3.204739] ACPI: Added _OSI(Processor Aggregator Device)
[    3.211461] ACPI: Executed 1 blocks of module-level executable AML code
[    3.223708] ACPI: Interpreter enabled
[    3.232119] ACPI: (supports S0 S5)
[    3.247119] ACPI: Using IOAPIC for interrupt routing
[    3.265031] PCI: Using host bridge windows from ACPI; if necessary, use "pci=nocrs" and report a bug
[    3.305869] ACPI: PCI Root Bridge [PCI0] (domain 0000 [bus 00-ff])
[    3.351682] acpi PNP0A03:00: _OSC: OS supports [ASPM ClockPM Segments MSI]
[    3.354480] acpi PNP0A03:00: _OSC: not requesting OS control; OS requires [ExtendedConfig ASPM ClockPM MSI]
[    3.383990] acpi PNP0A03:00: fail to add MMCONFIG information, can't access extended PCI configuration space under this bridge.
[    3.415870] PCI host bridge to bus 0000:00
[    3.417560] pci_bus 0000:00: root bus resource [io  0x0000-0x0cf7 window]
[    3.421521] pci_bus 0000:00: root bus resource [io  0x0d00-0xffff window]
[    3.427920] pci_bus 0000:00: root bus resource [mem 0x000a0000-0x000bffff window]
[    3.431975] pci_bus 0000:00: root bus resource [mem 0x40000000-0xfdffffff window]
[    3.437650] pci_bus 0000:00: root bus resource [bus 00-ff]
[    3.442961] pci 0000:00:01.1: legacy IDE quirk: reg 0x10: [io  0x01f0-0x01f7]
[    3.470796] pci 0000:00:01.1: legacy IDE quirk: reg 0x14: [io  0x03f6]
[    3.476284] pci 0000:00:01.1: legacy IDE quirk: reg 0x18: [io  0x0170-0x0177]
[    3.480469] pci 0000:00:01.1: legacy IDE quirk: reg 0x1c: [io  0x0376]
[    3.523213] pci 0000:00:07.0: quirk: [io  0x4000-0x403f] claimed by PIIX4 ACPI
[    3.528063] pci 0000:00:07.0: quirk: [io  0x4100-0x410f] claimed by PIIX4 SMB
[    3.545154] ACPI: PCI Interrupt Link [LNKA] (IRQs 5 9 10 *11)
[    3.550654] ACPI: PCI Interrupt Link [LNKB] (IRQs 5 9 *10 11)
[    3.559096] ACPI: PCI Interrupt Link [LNKC] (IRQs 5 *9 10 11)
[    3.566571] ACPI: PCI Interrupt Link [LNKD] (IRQs 5 9 10 *11)
[    3.569403] ACPI: Enabled 2 GPEs in block 00 to 07
[    3.575086] vgaarb: setting as boot device: PCI:0000:00:02.0
[    3.594890] vgaarb: device added: PCI:0000:00:02.0,decodes=io+mem,owns=io+mem,locks=none
[    3.623417] vgaarb: loaded
[    3.631464] vgaarb: bridge control possible 0000:00:02.0
[    3.639045] SCSI subsystem initialized
[    3.643121] ACPI: bus type USB registered
[    3.652726] usbcore: registered new interface driver usbfs
[    3.658757] usbcore: registered new interface driver hub
[    3.666630] usbcore: registered new device driver usb
[    3.674086] PCI: Using ACPI for IRQ routing
[    3.679313] NetLabel: Initializing
[    3.682661] NetLabel:  domain hash size = 128
[    3.698589] NetLabel:  protocols = UNLABELED CIPSOv4
[    3.700707] NetLabel:  unlabeled traffic allowed by default
[    3.713453] amd_nb: Cannot enumerate AMD northbridges
[    3.720918] clocksource: Switched to clocksource kvm-clock
[    3.737667] AppArmor: AppArmor Filesystem Enabled
[    3.742246] pnp: nP ACPI init
[    3.770288 pnp PnP ACPI: found 3 deices

[    3.858892] clocksourc: acpi_pm: mask: 0xffffff max_cycles: 0xffffff, max_idle_ns: 2085701024 ns
[    3886647] NET: Rgistered protocol faily 2

[    3.961196] TC established hash table entries: 192 (order: 4, 65536 bytes)

[    4.05451] TC bind hash tabl entries: 8192 (order: 5, 131072 bytes)
[    4.132204] TCP: Hash tables configured (established 8192 bind 8192)
[    4.134600] UDP hash table entries: 512 (order: 2, 16384 bytes)
[    4.136906] UDP-Lite hash table entries: 512 (order: 2, 16384 bytes)
[   .139295] NET: Registered protocol family 1
[    4.194740] pci 0000:00:00.0Limiting direct PCI/PCI transfers
[    4.285531] pci 0000:00:01.0: Activating ISA DMA hang workarounds
[    4.92504] Unpacking initramf..

[    4.679955] Freeing initrd memory: 14788K
[    4.681935] RAPL PMU detected, API unit is 2^-32 Joules, 4 fixed counters 10737418240 ms ovfl timer
[    4.693113] hw unit of domain pp0-core 2^-0 Joules
[    4.696807] hw unit of domain package 2^-0 Joules
[    4.704669] hw unit of domain dram 2^-0 Joules
[    4.721964] hw unit of domain pp1-gpu 2^-0 Joules
[    4.724232] platform rtc_cmos: registered platform RTC device (no PNP device found)
[    4.742430] Scanning for low memory corruption every 60 seconds
[    4.745119] audit: initializing netlink subsys (disabled)
[    4.764181] audit: type=2000 audit(1542707683.742:1): initialized
[    4.781873] Initialise system trusted keyring
[    4.791708] HugeTLB registered 2 MB page size, pre-allocated 0 pages
[    4.796812] zbud: loaded
[    4.798794] VFS: Disk quotas dquot_6.6.0
[    4.800717] VFS: Dquot-cache hash table entries: 512 (order 0, 4096 bytes)
[    4.804398] squashfs: version 4.0 (2009/01/31) Phillip Lougher
[    4.822428] fuse init (API version 7.23)
[    4.828886] Key type big_key registered
[    4.853861] Allocating IMA MOK and blacklist keyrings.
[    4.862605] Key type asymmetric registered
[    4.866179] Asymmetric key parser 'x509' registered
[    4.867821] Block layer SCSI generic (bsg) driver version 0.4 loaded (major 249)
[    4.883456] io scheduler noop registered
[    4.892114] io scheduler deadline registered (default)
[    4.898087] io scheduler cfq registered
[    4.903767] pci_hotplug: PCI Hot Plug PCI Core version: 0.5
[    4.924617] pciehp: PCI Express Hot Plug Controller Driver version: 0.4
[    4.945435] ACPI: AC Adapter [AC] (on-line)
[    4.950229] input: Power Button as /devices/LNXSYSTM:00/LNXPWRBN:00/input/input0
[    4.956001] ACPI: Power Button [PWRF]
[    4.958188] input: Sleep Button as /devices/LNXSYSTM:00/LNXSLPBN:00/input/input1
[    4.978919] ACPI: Sleep Button [SLPF]
[    4.985917] ACPI: Battery Slot [BAT0] (battery present)
[    4.993285] GHES: HEST is not enabled!
[    4.998454] Serial: 8250/16550 driver, 32 ports, IRQ sharing enabled
[    5.037212] 00:02: ttyS0 at I/O 0x3f8 (irq = 4, base_baud = 115200) is a 16550A
[    5.040132] Linux agpgart interface v0.103
[    5.043381] loop: module loaded
[    5.044200] scsi host0: ata_piix
[    5.044299] scsi host1: ata_piix
[    5.044350] ata1: PATA max UDMA/33 cmd 0x1f0 ctl 0x3f6 bmdma 0xd000 irq 14
[    5.044352] ata2: PATA max UDMA/33 cmd 0x170 ctl 0x376 bmdma 0xd008 irq 15
[    5.044450] libphy: Fixed MDIO Bus: probed
[    5.044453] tun: Universal TUN/TAP device driver, 1.6
[    5.044453] tun: (C) 1999-2004 Max Krasnyansky <maxk@qualcomm.com>
[    5.044502] PPP generic driver version 2.4.2
[    5.044556] ehci_hcd: USB 2.0 'Enhanced' Host Controller (EHCI) Driver
[    5.044560] ehci-pci: EHCI PCI platform driver
[    5.044579] ehci-platform: EHCI generic platform driver
[    5.044587] ohci_hcd: USB 1.1 'Open' Host Controller (OHCI) Driver
[    5.044590] ohci-pci: OHCI PCI platform driver
[    5.044598] ohci-platform: OHCI generic platform driver
[    5.044606] uhci_hcd: USB Universal Host Controller Interface driver
[    5.044662] i8042: PNP: PS/2 Controller [PNP0303:PS2K,PNP0f03:PS2M] at 0x60,0x64 irq 1,12
[    5.045155] serio: i8042 KBD port at 0x60,0x64 irq 1
[    5.045159] serio: i8042 AUX port at 0x60,0x64 irq 12
[    5.045315] mousedev: PS/2 mouse device common for all mice
[    5.045625] input: AT Translated Set 2 keyboard as /devices/platform/i8042/serio0/input/input2
[    5.046143] rtc_cmos rtc_cmos: rtc core: registered rtc_cmos as rtc0
[    5.046231] rtc_cmos rtc_cmos: alarms up to one day, 114 bytes nvram
[    5.046245] i2c /dev entries driver
[    5.046334] device-mapper: uevent: version 1.0.3
[    5.046432] device-mapper: ioctl: 4.34.0-ioctl (2015-10-28) initialised: dm-devel@redhat.com
[    5.046460] ledtrig-cpu: registered to indicate activity on CPUs
[    5.046914] NET: Registered protocol family 10
[    5.047078] NET: Registered protocol family 17
[    5.047089] Key type dns_resolver registered
[    5.047332] registered taskstats version 1
[    5.047345] Loading compiled-in X.509 certificates
[    5.047985] Loaded X.509 cert 'Build time autogenerated kernel key: 20acc96b50ca7641011eace69d32209215a9b56f'
[    5.048002] zswap: loaded using pool lzo/zbud
[    5.055277] Key type trusted registered
[    5.058188] Key type encrypted registered
[    5.058196] AppArmor: AppArmor sha1 policy hashing enabled
[    5.058198] ima: No TPM chip found, activating TPM-bypass!
[    5.058203] ima: Allocated hash algorithm: sha1
[    5.058215] evm: HMAC attrs: 0x1
[    5.058595]   Magic number: 10:378:930
[    5.059104] rtc_cmos rtc_cmos: setting system clock to 2018-11-20 09:54:41 UTC (1542707681)
[    5.059188] BIOS EDD facility v0.16 2004-Jun-25, 0 devices found
[    5.059188] EDD information not available.
[    5.389946] Freeing unused kernel memory: 1528K
[    5.721142] tsc: Refined TSC clocksource calibration: 1800.465 MHz
[    5.721144] clocksource: tsc: mask: 0xffffffffffffffff max_cycles: 0x19f3e0ec116, max_idle_ns: 440795248094 ns
[    5.761397] Write protecting the kernel read-only data: 14336k
[    5.774557] Freeing unused kernel memory: 1672K
[    5.783977] Freeing unused kernel memory: 92K
Loading, please wait...
starting version 229
[    5.812088] random: systemd-udevd: uninitialized urandom read (16 bytes read, 5 bits of entropy available)
[    5.812239] random: udevadm: uninitialized urandom read (16 bytes read, 5 bits of entropy available)
[    5.812258] random: udevadm: uninitialized urandom read (16 bytes read, 5 bits of entropy available)
[    5.821079] random: udevadm: uninitialized urandom read (16 bytes read, 5 bits of entropy available)
[    5.821148] random: udevadm: uninitialized urandom read (16 bytes read, 5 bits of entropy available)
[    5.821362] random: udevadm: uninitialized urandom read (16 bytes read, 5 bits of entropy available)
[    5.821446] random: udevadm: uninitialized urandom read (16 bytes read, 5 bits of entropy available)
[    5.821525] random: udevadm: uninitialized urandom read (16 bytes read, 5 bits of entropy available)
[    5.821597] random: udevadm: uninitialized urandom read (16 bytes read, 5 bits of entropy available)
[    5.821664] random: udevadm: uninitialized urandom read (16 bytes read, 5 bits of entropy available)
[    5.965275] e1000: Intel(R) PRO/1000 Network Driver - version 7.3.21-k8-NAPI
[    5.968238] e1000: Copyright (c) 1999-2006 Intel Corporation.
[    5.970747] Fusion MPT base driver 3.04.20
[    5.972488] Copyright (c) 1999-2008 LSI Corporation
[    5.992752] AVX2 version of gcm_enc/dec engaged.
[    5.994800] AES CTR mode by8 optimization enabled
[    6.006382] Fusion MPT SPI Host driver 3.04.20
[    6.193958] input: ImExPS/2 Generic Explorer Mouse as /devices/platform/i8042/serio1/input/input4
[    6.407295] e1000 0000:00:03.0 eth0: (PCI:33MHz:32-bit) 02:28:89:27:00:51
[    6.422814] e1000 0000:00:03.0 eth0: Intel(R) PRO/1000 Network Connection
[    6.446269] e1000 0000:00:03.0 enp0s3: renamed from eth0
[    6.458325] mptbase: ioc0: Initiating bringup
[    6.533322] ioc0: LSI53C1030 A0: Capabilities={Initiator}
[    6.702039] scsi host2: ioc0: LSI53C1030 A0, FwRev=00000000h, Ports=1, MaxQ=256, IRQ=20
[    6.823019] scsi 2:0:0:0: Direct-Access     VBOX     HARDDISK         1.0  PQ: 0 ANSI: 5
[    6.833903] scsi target2:0:0: Beginning Domain Validation
[    6.847326] scsi target2:0:0: Domain Validation skipping write tests
[    6.863972] scsi target2:0:0: Ending Domain Validation
[    6.878735] scsi target2:0:0: asynchronous
[    6.883633] scsi 2:0:1:0: Direct-Access     VBOX     HARDDISK         1.0  PQ: 0 ANSI: 5
[    6.904785] scsi target2:0:1: Beginning Domain Validation
[    6.910553] scsi target2:0:1: Domain Validation skipping write tests
[    6.916089] scsi target2:0:1: Ending Domain Validation
[    6.923734] scsi target2:0:1: asynchronous
[    6.941816] sd 2:0:0:0: Attached scsi generic sg0 type 0
[    6.942328] sd 2:0:0:0: [sda] 20971520 512-byte logical blocks: (10.7 GB/10.0 GiB)
[    6.942641] sd 2:0:0:0: [sda] Write Protect is off
[    6.942812] sd 2:0:0:0: [sda] Incomplete mode parameter data
[    6.942814] sd 2:0:0:0: [sda] Assuming drive cache: write through
[    6.953265]  sda: sda1
[    6.954299] sd 2:0:0:0: [sda] Attached SCSI disk
[    6.988594] sd 2:0:1:0: Attached scsi generic sg1 type 0
[    6.988828] sd 2:0:1:0: [sdb] 20480 512-byte logical blocks: (10.5 MB/10.0 MiB)
[    6.989100] sd 2:0:1:0: [sdb] Write Protect is off
[    6.989249] sd 2:0:1:0: [sdb] Incomplete mode parameter data
[    6.989250] sd 2:0:1:0: [sdb] Assuming drive cache: write through
[    6.992176] sd 2:0:1:0: [sdb] Attached SCSI disk
Begin: Loading essential drivers[    8.449860] md: linear personality registered for level -1
 ... [    8.467190] md: multipath personality registered for level -4
[    8.472275] md: raid0 personality registered for level 0
[    8.477897] md: raid1 personality registered for level 1
[    8.565120] raid6: sse2x1   gen()  8658 MB/s
[    8.645201] raid6: sse2x1   xor()  6626 MB/s
[    8.717263] raid6: sse2x2   gen() 10753 MB/s
[    8.789070] raid6: sse2x2   xor()  5596 MB/s
[    8.865047] raid6: sse2x4   gen()  6350 MB/s
[    8.937149] raid6: sse2x4   xor()  8668 MB/s
[    9.013005] raid6: avx2x1   gen() 16631 MB/s
[    9.085173] raid6: avx2x2   gen() 19626 MB/s
[    9.165087] raid6: avx2x4   gen() 22214 MB/s
[    9.172632] raid6: using algorithm avx2x4 gen() 22214 MB/s
[    9.182419] raid6: using avx2x2 recovery algorithm
[    9.195484] xor: automatically using best checksumming function:
[    9.237950]    avx       : 28532.000 MB/sec
[    9.261419] async_tx: api initialized (async)
[    9.275958] md: raid6 personality registered for level 6
[    9.290003] md: raid5 personality registered for level 5
[    9.295395] md: raid4 personality registered for level 4
[    9.304197] md: raid10 personality registered for level 10
done.
Begin: Running /scripts/init-premount ... done.
Begin: Mounting root file system ... Begin: Running /scripts/local-top ... done.
Begin: Running /scripts/local-premount ... [    9.351534] Btrfs loaded
Scanning for Btrfs filesystems
done.
Warning: fsck not present, so skipping root file[    9.416440] EXT4-fs (sda1): mounted filesystem with ordered data mode. Opts: (null)
 system
done.
Begin: Running /scripts/local-bottom ... done.
Begin: Running /scripts/init-bottom ... done.
[    9.702481] systemd[1]: systemd 229 running in system mode. (+PAM +AUDIT +SELINUX +IMA +APPARMOR +SMACK +SYSVINIT +UTMP +LIBCRYPTSETUP +GCRYPT +GNUTLS +ACL +XZ -LZ4 +SECCOMP +BLKID +ELFUTILS +KMOD -IDN)
[    9.722900] systemd[1]: Detected virtualization oracle.
[    9.730449] systemd[1]: Detected architecture x86-64.

Welcome to [1mUbuntu 16.04.5 LTS[0m!

[    9.748112] systemd[1]: Set hostname to <ubuntu>.
[    9.771549] systemd[1]: Initializing machine ID from random generator.
[    9.779190] systemd[1]: Installed transient /etc/machine-id file.
[   10.215333] systemd[1]: Created slice System Slice.
[[0;32m  OK  [0m] Created slice System Slice.
[   10.234921] systemd[1]: Started Trigger resolvconf update for networkd DNS.
[[0;32m  OK  [0m] Started Trigger resolvconf update for networkd DNS.
[   10.247772] systemd[1]: Listening on Journal Socket (/dev/log).
[[0;32m  OK  [0m] Listening on Journal Socket (/dev/log).
[   10.281603] systemd[1]: Reached targt Use andGroup Nme Lookups.

[[0;32m  OK  [0m] Reached target User and Group Name Lookups.
[   10.390405] systemd[1]: Set up automount Arbitrary Executable File Formats File System Automount Point.
[[0;32m  OK  [0m] Set up automount Arbitrary Executab...ats File System Automount Point.
[   1.442482] systemd[1]: Created slie User nd Sssion Slice.

[[0;32m  OK  [0m] Created slice User and Session Slice.
[   10.548187] systemd[1]: Listening on Journal Socket.
[[0;32m  OK  [0m] Listening on Journal Socket.
[   10.581451] systemd[1]: Mounting Debug File System...
         Mounting Debug File System...
[   10.606874] systemd[1]: Starting Nameserver information manager...
         Starting Nameserver information manager...
[   10.622011] systemd[1]: Reached target Swap.
[[0;32m  OK  [0m] Reached target Swap.
[   10.650074] systemd[1]: Listening on Device-mapper event daemon FIFOs.
[[0;32m  OK  [0m] Listening on Device-mapper event daemon FIFOs.
[   10.701641] systemd[1]: Starting Set console keymap...
         Starting Set console keymap...
[   10.729759] systemd[1]: Listening on Syslog Socket.
[[0;32m  OK  [0m] Listening on Syslog Socket.
[   10.761899] systemd[1]: Listening on /dev/initctl Compatibility Named Pipe.
[[0;32m  OK  [0m] Listening on /dev/initctl Compatibility Named Pipe.
[   10.790832] systemd[1]: Listening on LVM2 poll daemon socket.
[[0;32m  OK  [0m] Listening on LVM2 poll daemon socket.
[   10.802728] systemd[1]: Listening on udev Kernel Socket.
[[0;32m  OK  [0m] Listening on udev Kernel Socket.
[   10.818239] systemd[1]: Listening on udev Control Socket.
[[0;32m  OK  [0m] Listening on udev Control Socket.
[   10.853959] systemd[1]: Starting Remount Root and Kernel File Systems...
         Starting Remount[   10.864070] EXT4-fs (sda1): re-mounted. Opts: (null)
 Root and Kernel File Systems...
[   10.953850] systemd[1]: Starting Create list of required static device nodes for the current kernel...
[   10.958595] random: nonblocking pool is initialized
         Starting Create list of required st... nodes for the current kernel...
[   10.988340] systemd[1]: Reached target Slices.
[[0;32m  OK  [0m] Reached target Slices.
[   11.014655] systemd[1]: Mounting Huge Pages File System...
         Mounting Huge Pages File System...
[   11.081517] systemd[1]: Starting Load Kernel Modules...
         Starting Load Kernel Modules...
[   11.153164] Loading iSCSI transport class v2.0-870.
[   11.153197] systemd[1]: Created slice system-serial\x2dgetty.slice.
[[0;32m  OK  [0m] Created slice system-serial\x2dgetty.slice.
[   11.205004] systemd[1]: Listening on Journal Audit Socket.
[[0;32m  OK  [0m] Listening on Journal Audit Socket.
[   11.227522] iscsi: registered transport (tcp)
[   11.251413] systemd[1]: Starting Journal Service...
         Starting Journal Service...
[   11.266105] systemd[1]: Reached target System Time Synchronized.
[[0;32m  OK  [0m] Reached target System Time Synchronized.
[   11.295491] systemd[1]: Started Forward Password Requests to Wall Directory Watch.
[   11.302083] iscsi: registered transport (iser)
[[0;32m  OK  [0m] Started Forward Password Requests to Wall Directory Watch.
[   11.353407] systemd[1]: Mounting POSIX Message Queue File System...
         Mounting POSIX Message Queue File System...
[   11.389815] systemd[1]: Listening on LVM2 metadata daemon socket.
[[0;32m  OK  [0m] Listening on LVM2 metadata daemon socket.
[   11.417291] systemd[1]: Starting Monitoring of LVM2 mirrors, snapshots etc. using dmeventd or progress polling...
         Starting Monitoring of LVM2 mirrors... dmeventd or progress polling...
[   11.436267] systemd[1]: Starting Uncomplicated firewall...
         Starting Uncomplicated firewall...
[   11.448177] systemd[1]: Reached target Encrypted Volumes.
[[0;32m  OK  [0m] Reached target Encrypted Volumes.
[   11.502831] systemd[1]: Mounted Debug File System.
[[0;32m  OK  [0m] Mounted Debug File System.
[   11.569789] systemd[1]: Mounted POSIX Messag Queue File System.

[[0;32m  OK  [0m] Mounted POSIX Message Queue File System.
[   11.603463] systemd[1]: Mounted Huge Pages File System.
[[0;32m  OK  [0m] Mounted Huge Pages File System.
[   11.626614 systemd[1]:tarted Journal Service.
[[0;32m  OK  [0m] Started Journal Service.
[[0;32m  OK  [0m] Started Set console keymap.
[[0;32m  OK  [0m] Started Remount Root and Kernel File Systems.
[[0;32m  OK  [0m] Started Create list of required sta...ce nodes for the current kernel.
[[0;32m  OK  [0m] Started Load Kernel Modules.
[[0;32m  OK  [0m] Started Uncomplicated firewall.
[[0;32m  OK  [0m] Started Nameserver information manager.
[[0;32m  OK  [0m] Started LVM2 metadata daemon.
         Mounting FUSE Control File System...
         Starting Apply Kernel Variables...
         Starting Create Static Device Nodes in /dev...
         Starting Load/Save Random Seed...
         Starting udev Coldplug all Devices...
         Starting Flush Journal to Persistent Storage...
[[0;32m  OK  [0m] Mounted FUSE Control File System.
[[0;32m  OK  [0m] Started Monitoring of LVM2 mirrors,...ng dmeventd or progress polling.
[[0;32m  OK  [0m] Started Apply Kernel Variables.
[[0;32m  OK  [0m] Started Create Static Device Nodes in /dev.
[[0;32m  OK  [0m] Started Load/Save Random Seed.
[[0;32m  OK  [0m] Started udev Coldplug all Devices.
[[0;32m  OK  [0m] Started Flush Journal to Persistent Storage.
         Starting udev Kernel Device Manager...
[[0;32m  OK  [0m] Started udev Kernel Device Manager.
[[0;32m  OK  [0m] Started Dispatch Password Requests to Console Directory Watch.
[[0;32m  OK  [0m] Reached target Local File Systems (Pre).
[[0;32m  OK  [0m] Reached target Local File Systems.
         Starting Tell Plymouth To Write Out Runtime Data...
         Starting Initial cloud-init job (pre-networking)...
         Starting Commit a transient machine-id on disk...
         Starting Set console font and keymap...
         Starting Create Volatile Files and Directories...
         Starting LSB: AppArmor initialization...
[[0;32m  OK  [0m] Started Tell Plymouth To Write Out Runtime Data.
[[0;32m  OK  [0m] Started Commit a transient machine-id on disk.
[[0;32m  OK  [0m] Started Create Volatile Files and Directories.
[[0;32m  OK  [0m] Found device /dev/ttyS0.
         Starting Update UTMP about System Boot/Shutdown...
[[0;32m  OK  [0m] Listening on Load/Save RF Kill Switch Status /dev/rfkill Watch.
[[0;32m  OK  [0m] Started Update UTMP about System Boot/Shutdown.
[[0;32m  OK  [0m] Started LSB: AppArmor initialization.
[   11.050982] cloud-init[483]: Cloud-init v. 18.3-9-g2e62cb8a-0ubuntu1~16.04.2 running 'init-local' at Tue, 20 Nov 2018 09:54:50 +0000. Up 10.62 seconds.
[[0;32m  OK  [0m] Started Set console font and keymap.
[[0;32m  OK  [0m] Started Initial cloud-init job (pre-networking).
[[0;32m  OK  [0m] Reached target Network (Pre).
         Starting Raise network interfaces...
[[0;32m  OK  [0m] Created slice system-getty.slice.
[[0;32m  OK  [0m] Started Raise network interfaces.
         Starting Initial cloud-init job (metadata service crawler)...
[[0;32m  OK  [0m] Reached target Network.
[   13.127321] cloud-init[920]: Cloud-init v. 18.3-9-g2e62cb8a-0ubuntu1~16.04.2 running 'init' at Tue, 20 Nov 2018 09:54:51 +0000. Up 11.86 seconds.
[   13.155348] cloud-init[920]: ci-info: +++++++++++++++++++++++++++++++++++++Net device info+++++++++++++++++++++++++++++++++++++
[   13.170144] cloud-init[920]: ci-info: +--------+------+--------------------------+---------------+--------+-------------------+
[   13.179642] cloud-init[920]: ci-info: | Device |  Up  |         Address          |      Mask     | Scope  |     Hw-Address    |
[   13.221353] cloud-init[920]: ci-info: +--------+------+--------------------------+---------------+--------+-------------------+
[   13.222793] cloud-init[920]: ci-info: | enp0s3 | True |        10.0.2.15         | 255.255.255.0 | global | 02:28:89:27:00:51 |
[   13.223179] cloud-init[920]: ci-info: | enp0s3 | True | fe80::28:89ff:fe27:51/64 |       .       |  link  | 02:28:89:27:00:51 |
[[0;32m  OK  [0m] Started Initial cloud-init job (metadata service crawler).
[   13.225739] cloud-init[920]: ci-info: |   lo   | True |        127.0.0.1         |   255.0.0.0   |  host  |         .         |
[[   13.458846] cloud-init[920]: ci-info: |   lo   | True |         ::1/128          |       .       |  host  |         .         |
[   13.461116] cloud-init[920]: ci-info: +--------+------+--------------------------+---------------+--------+-------------------+
[0;32m  OK  [0m] Reached target Network is Online.
[   13.462109] cloud-init[920]: ci-info: +++++++++++++++++++++++++++Route IPv4 info++++++++++++++++++++++++++++
[   13.531043] cloud-init[920]: ci-info: +-------+-------------+----------+---------------+-----------+-------+
[   13.532016] cloud-init[920]: ci-info: | Route | Destination | Gateway  |    Genmask    | Interface | Flags |
[   13.534538] cloud-init[920]: ci-info: +-------+-------------+----------+---------------+-----------+-------+
[   13.534595] cloud-init[920]: ci-info: |   0   |   0.0.0.0   | 10.0.2.2 |    0.0.0.0    |   enp0s3  |   UG  |
[   13.534639] cloud-init[920]: ci-info: |   1   |   10.0.2.0  | 0.0.0.0  | 255.255.255.0 |   enp0s3  |   U   |
[   13.534679] cloud-init[920]: ci-info: +-------+-------------+----------+---------------+-----------+-------+
[   13.534724] cloud-init[920]: ci-info: +++++++++++++++++++Route IPv6 info+++++++++++++++++++
[   13.534796] cloud-init[920]: ci-info: +-------+-------------+---------+-----------+-------+
[   13.534836] cloud-init[920]: ci-info: | Route | Destination | Gateway | Interface | Flags |
[   13.534877] cloud-init[920]: ci-info: +-------+-------------+---------+-----------+-------+
[   13.534914] cloud-init[920]: ci-info: |   0   |  fe80::/64  |    ::   |   enp0s3  |   U   |
[   13.534952] cloud-init[920]: ci-info: |   3   |   ff00::/8  |    ::   |   enp0s3  |   U   |
[   13.534991] cloud-init[920]: ci-info: +-------+-------------+---------+-----------+-------+
[   13.535225] cloud-init[920]: Generating public/private rsa key pair.
[   13.535271] cloud-init[920]: Your identification has been saved in /etc/ssh/ssh_host_rsa_key.
[   13.535311] cloud-init[920]: Your public key has been saved in /etc/ssh/ssh_host_rsa_key.pub.
         Starting iSCSI initiator daemon (iscsid)...
[[   13.535349] cloud-init[920]: The key fingerprint is:
[   13.852487] cloud-init[920]: SHA256:TWpSMUxtjI6/w1LPkmaD1K9HJNBaabgSfshGopBIf4s root@ubuntu-xenial
[0;32m  OK  [0m] Reached target Cloud-config availability.
[[   13.853739] cloud-init[920]: The key's randomart image is:
[   13.862263] cloud-init[920]: +---[RSA 2048]----+
[   13.864454] cloud-init[920]: |oo     =+=       |
[   13.865343] cloud-init[920]: |+ o o o Bo+      |
[   13.867160] cloud-init[920]: |.. * + O...      |
[   13.868891] cloud-init[920]: |.   O *.o+.      |
[   13.869639] cloud-init[920]: |   E +.oSo.      |
[   13.871612] cloud-init[920]: |      .o+ .      |
[   13.872714] cloud-init[920]: |     . + B       |
[   13.874731] cloud-init[920]: |      o X =      |
[   13.875907] cloud-init[920]: |       +.*       |
[0;32m  OK  [0m] Reached target System Initialization.
[   13.877612] cloud-init[920]: +----[SHA256]-----+
[   13.926802] cloud-init[920]: Generating public/private dsa key pair.
[   13.927534] cloud-init[920]: Your identification has been saved in /etc/ssh/ssh_host_dsa_key.
[[0;32m  OK  [0m] Started ACPI Events Check.
[   13.946530] cloud-init[920]: Your public key has been saved in /etc/ssh/ssh_host_dsa_key.pub.
[   13.947067] cloud-init[920]: The key fingerprint is:
[[0;32m  OK  [0m] Reached target Paths.
[   13.948242] cloud-init[920]: SHA256:ls3BRQCiYiw3ODFSg4ItOCh9cB1DKvvucoiAF5O8Boo root@ubuntu-xenial
[   14.009753] cloud-init[920]: The key's randomart image is:         
Starting LXD - unix socket.
[   14.036750] cloud-init[920]: +---[DSA 1024]----+
[   14.037662] cloud-init[920]: |B=+..o=....oo    |
[   14.040629] cloud-init[920]: |@=oo.o.o . .     |
[   14.042024] cloud-init[920]: [|*+Boo     o      |[0;32m  OK  [0m
] Started Daily Cleanup of Temporary Directories.
[[   14.042559] cloud-init[920]: |.===     + .     |
[   14.059184] cloud-init[920]: |+..+    S o      |
[0;32m  OK  [0m] Listening on UUID daemon activation socket.
[   14.061588] cloud-init[920]: |E +.   .         |
[   14.125341] cloud-init[920]: |.+ ..            |
[   14.145196] cloud-init[920]: |. o..            |
[   14.146076] cloud-init[920]: |   +o            |
         Starting Socket activation for snappy daemon.
[[   14.147393] cloud-init[920]: +----[SHA256]-----+
[   14.455951] cloud-init[920]: Generating public/private ecdsa key pair.
[0;32m  OK  [0m] Listening on D-Bus System Message Bus Socket.
[[   14.457716] cloud-init[920]: Your identification has been saved in /etc/ssh/ssh_host_ecdsa_key.
[   14.511253] cloud-init[920]: Your public key has been saved in /etc/ssh/ssh_host_ecdsa_key.pub.
[0;32m  OK  [0m] Listening on ACPID Listen Socket.
[   14.514135] cloud-init[920]: The key fingerprint is:
[   14.558627] cloud-init[920]: SHA256:jA8me2tMD8y5x5PC/lxDOVm0cEDUDnEtUiAIKvu7osc root@ubuntu-xenial
[   14.558780] cloud-init[920]: The key's randomart image is:
[[0;32m  OK  [0m] Started Daily apt download activities.
[[   14.560114] cloud-init[920]: +---[ECDSA 256]---+
[   14.689890] cloud-init[920]: |    .. ..oB*=.   |
[   14.693065] cloud-init[920]: |   .  .  .o=o..  |
[0;32m  OK  [0m] Started Daily apt upgrade and clean activities.
[   14.694052] cloud-init[920]: |. .        +o.   |
[   14.703222] cloud-init[920]: | o     o   +.    |
[[0;32m  OK  [0m] Reached target Timers.
[   14.703712] cloud-init[920]: |.   .o+.S =      |
[   14.713949] cloud-init[920]: | .   +*o . .     |
[   14.732650] cloud-init[920]: | .. .+.=..o      |
[   14.760732] [[0;32m  OK  [0m] Listening on LXD - unix socket.
[cloud-init[920]: |. E. .*o*. .     |
[0;32m  OK  [0m] Listening on Socket activation for snappy daemon.
[   14.764198] [[0;32m  OK  [0m] Started iSCSI initiator daemon (iscsid).
cloud-init[920]: |ooo. oo+o.       |
[   14.796797] cloud-init[920]: +----[SHA256]-----+
[   14.799837] cloud-init[920]: Generating public/private ed25519 key pair.
[   14.814825]          Starting Login to default iSCSI targets...
[[0;32m  OK  [0m] Reached target Sockets.
[[0;32m  OK  [0m] Reached target Basic System.
         Starting /etc/rc.local Compatibility...
[[0;32m  OK  [0m] Started Unattended Upgrades Shutdown.
cloud-init[920]: Your identification has been saved in /etc/ssh/ssh_host_ed25519_key.
[   14.836838]          Starting Virtualbox guest utils...
[[0;32m  OK  [0m] Started FUSE filesystem for LXC.
[[0;32m  OK  [0m] Started Deferred execution scheduler.
cloud-init[920]: Your public key has been saved in /etc/ssh/ssh_host_ed25519_key.pub.
[   14.886379]          Starting Snappy daemon...
cloud-init[920]: The key fingerprint is:
[   14.908452] [[0;32m  OK  [0m] Started D-Bus System Message Bus.
cloud-init[920]: SHA256:y4EfLtC2eJkCWztH6HY6JIPRmVDPCg5h3OYl6hUqGq8 root@ubuntu-xenial
[   14.922913] cloud-init[920]: The key's randomart image is:
[   14.953452] cloud-init[920]: +--[ED25519 256]--+
[   14.984907] cloud-init[920]: |ooo              |
[   15.009223] cloud-init[920]: |oo B .           |
[   15.013716] cloud-init[920]: |oo=o*            |
[   15.029014]          Starting Accounts Service...
cloud-init[920]: [[0;32m  OK  [0m] Started Regular background program processing daemon.
|*+++ o .         |
[   15.050120]          cloud-initStarting System Logging Service...[920]: 
|+*+ + = S        |
         Starting Pollinate to seed the pseudo random number generator...
[   15.090730] cloud-init[920]: |o.+=.* B +       |
[   15.185858]          cloud-initStarting LSB: Record successful boot for GRUB...[920]: 
| ..+B O =        |
         Starting Login Service...
[   15.223811] cloud-init[920]: |E  ..B .         |
         Starting LSB: MD monitoring daemon...
[   15.262914] cloud-init[920]: |    ..           |
[[0;32m  OK  [0m] Started ACPI event daemon.
[   15.305714]          Starting LXD - container startup/shutdown...
cloud-init[[0;32m  OK  [0m] Started System Logging Service.
[[0;32m  OK  [0m] Started Snappy daemon.
[920]: +----[SHA256]-----+
[[0;32m  OK  [0m] Started /etc/rc.local Compatibility.
[[0;32m  OK  [0m] Started Login to default iSCSI targets.
[[0;32m  OK  [0m] Started LSB: Record successful boot for GRUB.
[[0;32m  OK  [0m] Started LSB: MD monitoring daemon.
[[0;32m  OK  [0m] Started LXD - container startup/shutdown.
[[0;32m  OK  [0m] Started Virtualbox guest utils.
         Starting Authenticate and Authorize Users to Run Privileged Tasks...
[[0;32m  OK  [0m] Reached target Remote File Systems (Pre).
[[0;32m  OK  [0m] Reached target Remote File Systems.
         Starting LSB: Set the CPU Frequency Scaling governor to "ondemand"...
         Starting Permit User Sessions...
         Starting LSB: automatic crash report generation...
         Starting LSB: daemon to balance interrupts for SMP systems...
         Starting Wait until snapd is fully seeded...
[[0;32m  OK  [0m] Started Permit User Sessions.
[[0;32m  OK  [0m] Started Login Service.
[[0;32m  OK  [0m] Started Authenticate and Authorize Users to Run Privileged Tasks.
[[0;32m  OK  [0m] Started Accounts Service.
[[0;32m  OK  [0m] Started LSB: Set the CPU Frequency Scaling governor to "ondemand".
         Starting Terminate Plymouth Boot Screen...
         Starting Hold until boot process finishes up...
[[0;32m  OK  [0m] Started LSB: automatic crash report generation.
[[0;32m  OK  [0m] Started LSB: daemon to balance interrupts for SMP systems.
[[0;32m  OK  [0m] Started Terminate Plymouth Boot Screen.
[[0;32m  OK  [0m] Started Hold until boot process finishes up.
[[0;32m  OK  [0m] Started Serial Getty on ttyS0.
[[0;32m  OK  [0m] Started Getty on tty1.
[[0;32m  OK  [0m] Reached target Login Prompts.
         Starting Set console scheme...
[[0;32m  OK  [0m] Started Set console scheme.
[[0;32m  OK  [0m] Started Pollinate to seed the pseudo random number generator.
         Starting OpenBSD Secure Shell server...
[[0;32m  OK  [0m] Started OpenBSD Secure Shell server.
[[0;32m  OK  [0m] Created slice User Slice of vagrant.
         Starting User Manager for UID 1000...
[[0;32m  OK  [0m] Started Session 1 of user vagrant.
[[0;32m  OK  [0m] Started User Manager for UID 1000.
[[0;32m  OK  [0m] Started Wait until snapd is fully seeded.
         Starting Apply the settings specified in cloud-config...
[[0;32m  OK  [0m] Reached target Multi-User System.
[[0;32m  OK  [0m] Reached target Graphical Interface.
         Starting Update UTMP about System Runlevel Changes...
[[0;32m  OK  [0m] Started Update UTMP about System Runlevel Changes.
         Stopping User Manager for UID 1000...
[[0;32m  OK  [0m] Stopped User Manager for UID 1000.
[[0;32m  OK  [0m] Removed slice User Slice of vagrant.
[[0;32m  OK  [0m] Created slice User Slice of vagrant.
         Starting User Manager for UID 1000...
[[0;32m  OK  [0m] Started User Manager for UID 1000.
[[0;32m  OK  [0m] Started Session 2 of user vagrant.
[   19.640141] cloud-init[1412]: Generating locales (this might take a while)...
         Starting Hostname Service...
[[0;32m  OK  [0m] Started Hostname Service.
[   20.758843] cloud-init[1412]:   en_US.UTF-8... done
[   20.767509] cloud-init[1412]: Generation complete.
[   21.225404] cloud-init[1412]: Cloud-init v. 18.3-9-g2e62cb8a-0ubuntu1~16.04.2 running 'modules:config' at Tue, 20 Nov 2018 09:54:59 +0000. Up 19.46 seconds.
ci-info: no authorized ssh keys fingerprints found for user ubuntu.
<14>Nov 20 09:55:01 ec2: 
<14>Nov 20 09:55:01 ec2: #############################################################
<14>Nov 20 09:55:01 ec2: -----BEGIN SSH HOST KEY FINGERPRINTS-----
<14>Nov 20 09:55:01 ec2: 1024 SHA256:ls3BRQCiYiw3ODFSg4ItOCh9cB1DKvvucoiAF5O8Boo root@ubuntu-xenial (DSA)
<14>Nov 20 09:55:01 ec2: 256 SHA256:jA8me2tMD8y5x5PC/lxDOVm0cEDUDnEtUiAIKvu7osc root@ubuntu-xenial (ECDSA)
<14>Nov 20 09:55:01 ec2: 256 SHA256:y4EfLtC2eJkCWztH6HY6JIPRmVDPCg5h3OYl6hUqGq8 root@ubuntu-xenial (ED25519)
<14>Nov 20 09:55:01 ec2: 2048 SHA256:TWpSMUxtjI6/w1LPkmaD1K9HJNBaabgSfshGopBIf4s root@ubuntu-xenial (RSA)
<14>Nov 20 09:55:01 ec2: -----END SSH HOST KEY FINGERPRINTS-----
<14>Nov 20 09:55:01 ec2: #############################################################
-----BEGIN SSH HOST KEY KEYS-----
ecdsa-sha2-nistp256 AAAAE2VjZHNhLXNoYTItbmlzdHAyNTYAAAAIbmlzdHAyNTYAAABBBEIf/XgluN3IwT1wSaW1mAptj01G4NozqVVgP60ga99izXDeLGZlMupsPzlrbbnTkxHTe0jmZS+CAS+nZ3/+2e4= root@ubuntu-xenial
ssh-ed25519 AAAAC3NzaC1lZDI1NTE5AAAAICNeHf5ZVMD2AlUr+zjDhFK4qB+b4pnOcdnZE3Q2pX2F root@ubuntu-xenial
ssh-rsa AAAAB3NzaC1yc2EAAAADAQABAAABAQCmUxoSfQjmpNkkY/fdunGIQ9mhZabYiDLvTjEJWUugstNRXy9wDcbR52EDjrKGX8AOujoGnfEnq6i+SsQ1OG3E9DoSvo9A6D0X5p5BCJSIVSPbUDpX+GP3es9Kgn0L1xezBk3qYn3UC/KAcQ4z+dOrAgXTcQtbqAnTGLjJf9wfZOQC0ohtKHl9dA4FJjwKw1Y9jQ6fW48ZUqjEKBghhlCvxmt36imA7QWc/hudrRzum/1TWtmYtZh5lLtKIbH6YDWXsMSZy70pPm5FYO5oPjbDGHgihSBjRGdqhxzBf8IWSBskeAH5zL+/g2TN0xrQRTlbCOA+ocJwSBO8jgFGpYXn root@ubuntu-xenial
-----END SSH HOST KEY KEYS-----
[   21.789092] cloud-init[1587]: Cloud-init v. 18.3-9-g2e62cb8a-0ubuntu1~16.04.2 running 'modules:final' at Tue, 20 Nov 2018 09:55:01 +0000. Up 21.59 seconds.
[   21.789293] cloud-init[1587]: ci-info: no authorized ssh keys fingerprints found for user ubuntu.
[   21.789406] cloud-init[1587]: Cloud-init v. 18.3-9-g2e62cb8a-0ubuntu1~16.04.2 finished at Tue, 20 Nov 2018 09:55:01 +0000. Datasource DataSourceNoCloud [seed=/dev/sdb][dsmode=net].  Up 21.78 seconds

Ubuntu 16.04.5 LTS default-ubuntu-1604 ttyS0

default-ubuntu-1604 login: 